2026-07-05 00:01:10, MOVE, v:1, k:ed@multiset, mode:EDIT
2026-07-05 00:06:52, MOVE, v:1, k:ed@multiset, mode:EDIT
2026-07-05 00:11:41, MOVE, v:1, k:ed@multiset, mode:EDIT
2026-07-05 00:12:07, EXEC, v:1, k:ed@multiset, mode:FULL, size:76, fail:COMP
2026-07-05 00:12:09, EXEC, v:1, k:ed@multiset, mode:FULL, fail:COMP
2026-07-05 00:12:14, MOVE, v:1, k:ed@multiset, mode:BACK
2026-07-05 00:12:28, MOVE, v:1, k:ed@multiset, mode:PICK
2026-07-05 00:15:06, EXEC, v:1, k:ed@multiset, mode:FULL, size:83, fail:COMP
2026-07-05 00:14:44, MOVE, v:1, k:ed@multiset, mode:EDIT
2026-07-05 00:21:18, MOVE, v:1, k:ed@multiset, mode:EDIT
2026-07-05 00:27:18, MOVE, v:1, k:ed@multiset, mode:EDIT
2026-07-05 00:32:17, MOVE, v:1, k:ed@multiset, mode:EDIT
2026-07-05 00:35:35, EXEC, v:1, k:ed@multiset, mode:FULL, rate:0, size:121
2026-07-05 00:35:39, MOVE, v:1, k:ed@multiset, mode:BACK
2026-07-05 00:35:48, MOVE, v:1, k:ed@multiset, mode:PICK
2026-07-05 00:40:38, EXEC, v:1, k:ed@multiset, mode:FULL, rate:0, size:133
2026-07-05 00:40:32, MOVE, v:1, k:ed@multiset, mode:EDIT
2026-07-05 00:40:38, MOVE, v:1, k:ed@multiset, mode:EDIT
2026-07-05 00:41:09, MOVE, v:1, k:ed@multiset, mode:BACK
2026-07-05 00:41:34, MOVE, v:1, k:ed@multiset, mode:PICK
2026-07-05 00:44:12, EXEC, v:1, k:ed@multiset, mode:FULL, rate:0, size:141
2026-07-05 00:44:32, MOVE, v:1, k:ed@multiset, mode:BACK
2026-07-05 00:45:45, MOVE, v:1, k:ed@multiset, mode:PICK
2026-07-05 00:46:11, MOVE, v:1, k:ed@multiset, mode:EDIT
2026-07-05 00:44:12, MOVE, v:1, k:ed@multiset, mode:EDIT
2026-07-05 00:51:10, MOVE, v:1, k:ed@multiset, mode:EDIT
2026-07-05 00:54:19, EXEC, v:1, k:ed@multiset, mode:FULL, rate:0, size:166
2026-07-05 00:54:18, MOVE, v:1, k:ed@multiset, mode:EDIT
2026-07-05 00:54:19, MOVE, v:1, k:ed@multiset, mode:EDIT
2026-07-05 01:01:09, MOVE, v:1, k:ed@multiset, mode:EDIT
2026-07-05 01:05:28, EXEC, v:1, k:ed@multiset, mode:FULL, size:188, fail:COMP
2026-07-05 01:05:33, EXEC, v:1, k:ed@multiset, mode:FULL, fail:COMP
2026-07-05 01:05:48, EXEC, v:1, k:ed@multiset, mode:FULL, rate:0, size:188
2026-07-05 01:06:12, MOVE, v:1, k:ed@multiset, mode:EDIT
2026-07-05 01:05:48, MOVE, v:1, k:ed@multiset, mode:EDIT
2026-07-05 01:06:19, EXEC, v:1, k:ed@multiset, mode:FULL, rate:0, size:188
2026-07-05 01:09:23, EXEC, v:1, k:ed@multiset, mode:FULL, rate:0, size:197
2026-07-05 01:10:11, EXEC, v:1, k:ed@multiset, mode:FULL, rate:0, size:197
2026-07-05 01:10:56, EXEC, v:1, k:ed@multiset, mode:FULL, rate:66, size:195
2026-07-05 01:11:04, MOVE, v:1, k:ed@multiset, mode:BACK
2026-07-05 01:11:13, MOVE, v:1, k:ed@multiset, mode:PICK
2026-07-05 01:14:51, EXEC, v:1, k:ed@multiset, mode:FULL, rate:83, size:213
2026-07-05 01:14:53, MOVE, v:1, k:ed@multiset, mode:BACK
2026-07-05 01:15:03, MOVE, v:1, k:ed@multiset, mode:PICK
2026-07-05 01:19:06, EXEC, v:1, k:ed@multiset, mode:FULL, rate:83, size:214
2026-07-05 01:19:07, MOVE, v:1, k:ed@multiset, mode:BACK
2026-07-05 01:19:14, MOVE, v:1, k:ed@multiset, mode:PICK
2026-07-05 01:19:40, MOVE, v:1, k:ed@multiset, mode:EDIT
2026-07-05 01:19:06, MOVE, v:1, k:ed@multiset, mode:EDIT
2026-07-05 01:20:25, EXEC, v:1, k:ed@multiset, mode:FULL, rate:100, size:220
2026-07-05 01:20:26, MOVE, v:1, k:ed@multiset, mode:BACK
2026-07-05 01:20:52, SELF, v:1, k:ed@multiset, self:1, rate:100, study:92, concept:1, refactor:1
2026-07-05 16:21:58, MOVE, v:1, k:ed@altura, mode:DOWN
2026-07-05 16:22:01, MOVE, v:1, k:ed@altura, mode:PICK
2026-07-05 16:22:19, EXEC, v:1, k:ed@altura, mode:FULL, rate:0, size:108
2026-07-05 16:21:58, MOVE, v:1, k:ed@altura, mode:EDIT
2026-07-05 16:21:58, MOVE, v:1, k:ed@altura, mode:EDIT
2026-07-05 16:22:18, MOVE, v:1, k:ed@altura, mode:EDIT
2026-07-05 16:26:45, EXEC, v:1, k:ed@altura, mode:FULL, rate:0, size:108
2026-07-05 16:30:51, MOVE, v:1, k:ed@altura, mode:EDIT
2026-07-05 16:26:45, MOVE, v:1, k:ed@altura, mode:EDIT
2026-07-05 16:31:54, EXEC, v:1, k:ed@altura, mode:FULL, rate:0, size:116
2026-07-05 16:31:58, MOVE, v:1, k:ed@altura, mode:BACK
2026-07-05 16:32:10, MOVE, v:1, k:ed@altura, mode:PICK
2026-07-05 16:37:01, MOVE, v:1, k:ed@altura, mode:EDIT
2026-07-05 16:41:42, EXEC, v:1, k:ed@altura, mode:FULL, rate:0, size:124
2026-07-05 16:41:40, MOVE, v:1, k:ed@altura, mode:EDIT
2026-07-05 16:41:42, MOVE, v:1, k:ed@altura, mode:EDIT
2026-07-05 16:44:25, EXEC, v:1, k:ed@altura, mode:FULL, rate:42, size:131
2026-07-05 16:44:46, MOVE, v:1, k:ed@altura, mode:EDIT
2026-07-05 16:44:25, MOVE, v:1, k:ed@altura, mode:EDIT
2026-07-05 16:48:21, EXEC, v:1, k:ed@altura, mode:FULL, rate:100, size:131
2026-07-05 16:48:22, MOVE, v:1, k:ed@altura, mode:BACK
2026-07-05 16:48:47, SELF, v:1, k:ed@altura, self:1, rate:100, study:26
2026-07-05 16:50:08, MOVE, v:1, k:ed@lista_d1, mode:DOWN
2026-07-05 16:50:10, MOVE, v:1, k:ed@lista_d1, mode:PICK
2026-07-05 16:50:18, EXEC, v:1, k:ed@lista_d1, mode:FULL, rate:0, size:57
2026-07-05 16:50:08, MOVE, v:1, k:ed@lista_d1, mode:EDIT
2026-07-05 16:50:08, MOVE, v:1, k:ed@lista_d1, mode:EDIT
2026-07-05 16:50:18, MOVE, v:1, k:ed@lista_d1, mode:EDIT
2026-07-05 17:21:51, EXEC, v:1, k:ed@lista_d1, mode:FULL, rate:0
2026-07-05 17:21:53, MOVE, v:1, k:ed@lista_d1, mode:BACK
2026-07-05 17:22:09, MOVE, v:1, k:ed@lista_d1, mode:PICK
2026-07-05 17:22:10, EXEC, v:1, k:ed@lista_d1, mode:FULL, rate:0
2026-07-05 17:22:11, MOVE, v:1, k:ed@lista_d1, mode:BACK
2026-07-05 17:22:21, MOVE, v:1, k:ed@lista_d1, mode:PICK
2026-07-05 17:22:32, MOVE, v:1, k:ed@lista_d1, mode:BACK
2026-07-05 17:22:44, MOVE, v:1, k:ed@lista_d1, mode:PICK
2026-07-05 17:28:34, EXEC, v:1, k:ed@lista_d1, mode:FULL, rate:0
2026-07-05 17:28:35, MOVE, v:1, k:ed@lista_d1, mode:BACK
2026-07-05 17:32:48, MOVE, v:1, k:ed@lista_d1, mode:PICK
2026-07-05 17:37:22, EXEC, v:1, k:ed@lista_d1, mode:FULL, size:77, fail:COMP
2026-07-05 17:37:38, MOVE, v:1, k:ed@lista_d1, mode:EDIT
2026-07-05 17:42:40, MOVE, v:1, k:ed@lista_d1, mode:EDIT
2026-07-05 17:46:59, EXEC, v:1, k:ed@lista_d1, mode:FULL, rate:14, size:97
2026-07-05 17:47:03, MOVE, v:1, k:ed@lista_d1, mode:BACK
2026-07-05 17:47:15, MOVE, v:1, k:ed@lista_d1, mode:PICK
2026-07-05 17:48:25, EXEC, v:1, k:ed@lista_d1, mode:FULL, rate:14, size:101
2026-07-05 17:49:51, MOVE, v:1, k:ed@lista_d1, mode:EDIT
2026-07-05 17:48:25, MOVE, v:1, k:ed@lista_d1, mode:EDIT
2026-07-05 18:01:12, EXEC, v:1, k:ed@lista_d1, mode:FULL, rate:14, size:112
2026-07-05 18:02:05, MOVE, v:1, k:ed@lista_d1, mode:EDIT
2026-07-05 18:01:12, MOVE, v:1, k:ed@lista_d1, mode:EDIT
2026-07-05 18:04:36, EXEC, v:1, k:ed@lista_d1, mode:FULL, rate:57, size:123
2026-07-05 18:04:39, MOVE, v:1, k:ed@lista_d1, mode:BACK
2026-07-05 18:04:49, MOVE, v:1, k:ed@lista_d1, mode:PICK
2026-07-05 18:06:03, MOVE, v:1, k:ed@lista_d1, mode:EDIT
2026-07-05 18:18:32, EXEC, v:1, k:ed@lista_d1, mode:FULL, rate:71, size:137
2026-07-05 18:18:37, MOVE, v:1, k:ed@lista_d1, mode:BACK
2026-07-05 18:18:49, MOVE, v:1, k:ed@lista_d1, mode:PICK
2026-07-05 18:21:30, EXEC, v:1, k:ed@lista_d1, mode:FULL, size:151, fail:COMP
2026-07-05 18:21:32, EXEC, v:1, k:ed@lista_d1, mode:FULL, fail:COMP
2026-07-05 18:21:42, EXEC, v:1, k:ed@lista_d1, mode:FULL, rate:71, size:151
2026-07-05 18:23:34, EXEC, v:1, k:ed@lista_d1, mode:FULL, rate:85, size:158
2026-07-05 18:23:33, MOVE, v:1, k:ed@lista_d1, mode:EDIT
2026-07-05 18:23:34, MOVE, v:1, k:ed@lista_d1, mode:EDIT
2026-07-05 18:30:44, EXEC, v:1, k:ed@lista_d1, mode:FULL, rate:100, size:158
2026-07-05 18:30:48, MOVE, v:1, k:ed@lista_d1, mode:BACK
2026-07-05 18:31:29, SELF, v:1, k:ed@lista_d1, self:1, rate:100, study:69, concept:1, refactor:1
2026-07-05 18:36:42, MOVE, v:1, k:ed@lista_d2, mode:DOWN
2026-07-05 18:36:44, MOVE, v:1, k:ed@lista_d2, mode:PICK
2026-07-05 18:36:56, EXEC, v:1, k:ed@lista_d2, mode:FULL, rate:0, size:93
2026-07-05 18:36:42, MOVE, v:1, k:ed@lista_d2, mode:EDIT
2026-07-05 18:36:42, MOVE, v:1, k:ed@lista_d2, mode:EDIT
2026-07-05 18:36:56, MOVE, v:1, k:ed@lista_d2, mode:EDIT
2026-07-05 19:08:25, MOVE, v:1, k:ed@lista_d2, mode:EDIT
2026-07-05 19:15:54, EXEC, v:1, k:ed@lista_d2, mode:FULL, size:112, fail:COMP
2026-07-05 19:15:48, MOVE, v:1, k:ed@lista_d2, mode:EDIT
2026-07-05 19:20:21, EXEC, v:1, k:ed@lista_d2, mode:FULL, rate:0, size:132
2026-07-05 19:20:16, MOVE, v:1, k:ed@lista_d2, mode:EDIT
2026-07-05 19:20:21, MOVE, v:1, k:ed@lista_d2, mode:EDIT
2026-07-05 19:20:56, MOVE, v:1, k:ed@lista_d2, mode:BACK
2026-07-05 19:21:20, MOVE, v:1, k:ed@lista_d2, mode:PICK
2026-07-05 19:22:39, EXEC, v:1, k:ed@lista_d2, mode:FULL, rate:0, size:136
2026-07-05 19:24:24, MOVE, v:1, k:ed@lista_d2, mode:EDIT
2026-07-05 19:22:38, MOVE, v:1, k:ed@lista_d2, mode:EDIT
2026-07-05 19:33:06, EXEC, v:1, k:ed@lista_d2, mode:FULL, rate:0, size:140
2026-07-05 19:35:16, EXEC, v:1, k:ed@lista_d2, mode:FULL, rate:0, size:147
2026-07-05 19:35:17, MOVE, v:1, k:ed@lista_d2, mode:BACK
2026-07-05 19:35:30, MOVE, v:1, k:ed@lista_d2, mode:PICK
2026-07-05 19:38:20, EXEC, v:1, k:ed@lista_d2, mode:FULL, rate:20, size:158
2026-07-05 19:39:37, MOVE, v:1, k:ed@lista_d2, mode:EDIT
2026-07-05 19:38:20, MOVE, v:1, k:ed@lista_d2, mode:EDIT
2026-07-05 19:48:42, EXEC, v:1, k:ed@lista_d2, mode:FULL, rate:20, size:173
2026-07-05 19:48:45, MOVE, v:1, k:ed@lista_d2, mode:BACK
2026-07-05 19:48:53, MOVE, v:1, k:ed@lista_d2, mode:PICK
2026-07-05 19:51:12, EXEC, v:1, k:ed@lista_d2, mode:FULL, rate:20, size:188
2026-07-05 19:53:48, MOVE, v:1, k:ed@lista_d2, mode:EDIT
2026-07-05 19:51:11, MOVE, v:1, k:ed@lista_d2, mode:EDIT
2026-07-05 19:54:21, EXEC, v:1, k:ed@lista_d2, mode:FULL, rate:20, size:195
2026-07-05 19:56:27, MOVE, v:1, k:ed@lista_d2, mode:EDIT
2026-07-05 19:54:21, MOVE, v:1, k:ed@lista_d2, mode:EDIT
2026-07-05 20:03:25, MOVE, v:1, k:ed@lista_d2, mode:EDIT
2026-07-05 20:05:02, EXEC, v:1, k:ed@lista_d2, mode:FULL, size:209, fail:COMP
2026-07-05 20:07:44, EXEC, v:1, k:ed@lista_d2, mode:FULL, rate:40, size:223
2026-07-05 20:08:31, MOVE, v:1, k:ed@lista_d2, mode:EDIT
2026-07-05 20:07:44, MOVE, v:1, k:ed@lista_d2, mode:EDIT
2026-07-05 20:10:33, MOVE, v:1, k:ed@lista_d2, mode:EDIT
2026-07-05 20:14:11, MOVE, v:1, k:ed@lista_d2, mode:EDIT
2026-07-05 20:20:27, EXEC, v:1, k:ed@lista_d2, mode:FULL, rate:60, size:234
2026-07-05 20:20:29, MOVE, v:1, k:ed@lista_d2, mode:BACK
2026-07-05 20:20:39, MOVE, v:1, k:ed@lista_d2, mode:PICK
2026-07-05 20:25:22, EXEC, v:1, k:ed@lista_d2, mode:FULL, rate:80, size:247
2026-07-05 20:25:14, MOVE, v:1, k:ed@lista_d2, mode:EDIT
2026-07-05 20:25:22, MOVE, v:1, k:ed@lista_d2, mode:EDIT
2026-07-05 20:30:31, MOVE, v:1, k:ed@lista_d2, mode:EDIT
2026-07-05 20:30:34, EXEC, v:1, k:ed@lista_d2, mode:FULL, rate:100, size:265
2026-07-05 20:30:35, MOVE, v:1, k:ed@lista_d2, mode:BACK
2026-07-05 20:30:57, SELF, v:1, k:ed@lista_d2, self:1, rate:100, study:82, concept:1, refactor:1
2026-07-05 20:35:08, MOVE, v:1, k:ed@prin_list1, mode:DOWN
2026-07-05 20:35:11, MOVE, v:1, k:ed@prin_list1, mode:PICK
2026-07-05 20:35:07, MOVE, v:1, k:ed@prin_list1, mode:EDIT
2026-07-05 20:35:07, MOVE, v:1, k:ed@prin_list1, mode:EDIT
2026-07-05 20:35:07, MOVE, v:1, k:ed@prin_list1, mode:EDIT
2026-07-05 20:38:58, EXEC, v:1, k:ed@prin_list1, mode:FULL, size:172, fail:COMP
2026-07-05 20:39:07, EXEC, v:1, k:ed@prin_list1, mode:FULL, rate:0, size:172
2026-07-05 20:39:58, MOVE, v:1, k:ed@prin_list1, mode:EDIT
2026-07-05 20:39:07, MOVE, v:1, k:ed@prin_list1, mode:EDIT
2026-07-05 20:43:41, EXEC, v:1, k:ed@prin_list1, mode:FULL, rate:0, size:176
2026-07-05 20:45:35, EXEC, v:1, k:ed@prin_list1, mode:FULL, rate:0, size:180
2026-07-05 20:45:37, MOVE, v:1, k:ed@prin_list1, mode:BACK
2026-07-05 20:45:32, MOVE, v:1, k:ed@prin_list1, mode:EDIT
2026-07-05 20:45:35, MOVE, v:1, k:ed@prin_list1, mode:EDIT
2026-07-05 20:45:53, MOVE, v:1, k:ed@prin_list1, mode:PICK
2026-07-05 20:47:57, EXEC, v:1, k:ed@prin_list1, mode:FULL, rate:0, size:183
2026-07-05 20:48:00, MOVE, v:1, k:ed@prin_list1, mode:BACK
2026-07-05 20:48:08, MOVE, v:1, k:ed@prin_list1, mode:PICK
2026-07-05 20:53:03, MOVE, v:1, k:ed@prin_list1, mode:EDIT
2026-07-05 20:53:18, EXEC, v:1, k:ed@prin_list1, mode:FULL, rate:0, size:186
2026-07-05 20:53:21, MOVE, v:1, k:ed@prin_list1, mode:BACK
2026-07-05 20:53:44, MOVE, v:1, k:ed@prin_list1, mode:PICK
2026-07-05 20:56:39, MOVE, v:1, k:ed@prin_list1, mode:EDIT
2026-07-05 21:02:05, EXEC, v:1, k:ed@prin_list1, mode:FULL, rate:0, size:191
2026-07-05 21:03:26, MOVE, v:1, k:ed@prin_list1, mode:EDIT
2026-07-05 21:02:05, MOVE, v:1, k:ed@prin_list1, mode:EDIT
2026-07-05 21:04:58, EXEC, v:1, k:ed@prin_list1, mode:FULL, rate:0, size:192
2026-07-05 21:06:05, EXEC, v:1, k:ed@prin_list1, mode:FULL, rate:0
2026-07-05 21:06:10, MOVE, v:1, k:ed@prin_list1, mode:EDIT
2026-07-05 21:06:05, MOVE, v:1, k:ed@prin_list1, mode:EDIT
2026-07-05 21:13:11, MOVE, v:1, k:ed@prin_list1, mode:EDIT
2026-07-05 21:13:29, EXEC, v:1, k:ed@prin_list1, mode:FULL, rate:100, size:191
2026-07-05 21:13:31, MOVE, v:1, k:ed@prin_list1, mode:BACK
2026-07-05 21:13:55, SELF, v:1, k:ed@prin_list1, self:1, rate:100, study:40, concept:1, refactor:1
2026-07-05 21:17:11, MOVE, v:1, k:ed@lista_d4, mode:DOWN
2026-07-05 21:17:15, MOVE, v:1, k:ed@lista_d4, mode:PICK
2026-07-05 21:17:29, EXEC, v:1, k:ed@lista_d4, mode:FULL, rate:0, size:124
2026-07-05 21:17:11, MOVE, v:1, k:ed@lista_d4, mode:EDIT
2026-07-05 21:17:11, MOVE, v:1, k:ed@lista_d4, mode:EDIT
2026-07-05 21:17:29, MOVE, v:1, k:ed@lista_d4, mode:EDIT
2026-07-05 21:28:34, EXEC, v:1, k:ed@lista_d4, mode:FULL, rate:0
2026-07-05 21:28:34, MOVE, v:1, k:ed@lista_d4, mode:EDIT
2026-07-05 21:32:19, EXEC, v:1, k:ed@lista_d4, mode:FULL, rate:0, size:128
2026-07-05 21:33:07, EXEC, v:1, k:ed@lista_d4, mode:FULL, rate:0, size:129
2026-07-05 21:33:21, MOVE, v:1, k:ed@lista_d4, mode:EDIT
2026-07-05 21:33:07, MOVE, v:1, k:ed@lista_d4, mode:EDIT
2026-07-05 21:35:05, EXEC, v:1, k:ed@lista_d4, mode:FULL, rate:0, size:135
2026-07-05 21:35:48, MOVE, v:1, k:ed@lista_d4, mode:BACK
2026-07-05 21:36:03, MOVE, v:1, k:ed@lista_d4, mode:PICK
2026-07-05 21:37:39, MOVE, v:1, k:ed@lista_d4, mode:EDIT
2026-07-05 21:45:24, MOVE, v:1, k:ed@lista_d4, mode:EDIT
2026-07-05 21:46:21, EXEC, v:1, k:ed@lista_d4, mode:FULL, rate:66, size:144
2026-07-05 21:49:28, EXEC, v:1, k:ed@lista_d4, mode:FULL, rate:66, size:151
2026-07-05 21:49:29, MOVE, v:1, k:ed@lista_d4, mode:BACK
2026-07-05 21:49:36, MOVE, v:1, k:ed@lista_d4, mode:PICK
2026-07-05 21:52:59, EXEC, v:1, k:ed@lista_d4, mode:FULL, rate:100, size:151
2026-07-05 21:53:01, MOVE, v:1, k:ed@lista_d4, mode:BACK
2026-07-05 21:53:21, SELF, v:1, k:ed@lista_d4, self:1, rate:100, study:35, concept:1
2026-07-05 21:57:52, MOVE, v:1, k:ed@clonar, mode:DOWN
2026-07-05 21:57:54, MOVE, v:1, k:ed@clonar, mode:PICK
2026-07-05 21:57:52, MOVE, v:1, k:ed@clonar, mode:EDIT
2026-07-05 22:00:54, EXEC, v:1, k:ed@clonar, mode:FULL, rate:0, size:76
2026-07-05 22:00:53, MOVE, v:1, k:ed@clonar, mode:EDIT
2026-07-05 22:07:38, EXEC, v:1, k:ed@clonar, mode:FULL, rate:0, size:79
2026-07-05 22:07:40, MOVE, v:1, k:ed@clonar, mode:BACK
2026-07-05 22:07:53, MOVE, v:1, k:ed@clonar, mode:PICK
2026-07-05 22:08:16, EXEC, v:1, k:ed@clonar, mode:FULL, rate:16, size:79
2026-07-05 22:10:14, EXEC, v:1, k:ed@clonar, mode:FULL, rate:16, size:80
2026-07-05 22:10:39, EXEC, v:1, k:ed@clonar, mode:FULL, rate:16
2026-07-05 22:10:39, MOVE, v:1, k:ed@clonar, mode:BACK
2026-07-05 22:10:52, MOVE, v:1, k:ed@clonar, mode:PICK
2026-07-05 22:11:31, MOVE, v:1, k:ed@clonar, mode:EDIT
2026-07-05 22:16:12, EXEC, v:1, k:ed@clonar, mode:FULL, rate:100, size:81
2026-07-05 22:16:13, MOVE, v:1, k:ed@clonar, mode:BACK
2026-07-05 22:16:27, SELF, v:1, k:ed@clonar, self:1, rate:100, study:18
2026-07-05 22:17:15, MOVE, v:1, k:ed@lista_d3, mode:DOWN
2026-07-05 22:17:17, MOVE, v:1, k:ed@lista_d3, mode:PICK
2026-07-05 22:17:15, MOVE, v:1, k:ed@lista_d3, mode:EDIT
2026-07-05 22:17:15, MOVE, v:1, k:ed@lista_d3, mode:EDIT
2026-07-05 22:22:00, EXEC, v:1, k:ed@lista_d3, mode:FULL, rate:0, size:109
2026-07-05 22:22:00, MOVE, v:1, k:ed@lista_d3, mode:EDIT
2026-07-05 22:25:58, MOVE, v:1, k:ed@lista_d3, mode:EDIT
2026-07-05 22:31:17, MOVE, v:1, k:ed@lista_d3, mode:EDIT
2026-07-05 22:31:25, EXEC, v:1, k:ed@lista_d3, mode:FULL, size:127, fail:COMP
2026-07-05 22:31:30, EXEC, v:1, k:ed@lista_d3, mode:FULL, rate:0, size:128
2026-07-05 22:31:26, MOVE, v:1, k:ed@lista_d3, mode:EDIT
2026-07-05 22:31:30, MOVE, v:1, k:ed@lista_d3, mode:EDIT
2026-07-05 22:41:10, MOVE, v:1, k:ed@lista_d3, mode:EDIT
2026-07-05 22:44:57, EXEC, v:1, k:ed@lista_d3, mode:FULL, rate:0, size:140
2026-07-05 22:46:07, MOVE, v:1, k:ed@lista_d3, mode:EDIT
2026-07-05 22:44:56, MOVE, v:1, k:ed@lista_d3, mode:EDIT
2026-07-05 22:49:22, EXEC, v:1, k:ed@lista_d3, mode:FULL, rate:0, size:152
2026-07-05 22:50:05, EXEC, v:1, k:ed@lista_d3, mode:FULL, size:152, fail:COMP
2026-07-05 22:50:05, MOVE, v:1, k:ed@lista_d3, mode:BACK
2026-07-05 22:50:24, MOVE, v:1, k:ed@lista_d3, mode:PICK
2026-07-05 22:54:58, MOVE, v:1, k:ed@lista_d3, mode:EDIT
2026-07-05 22:57:10, EXEC, v:1, k:ed@lista_d3, mode:FULL, rate:0, size:166
2026-07-05 22:57:56, EXEC, v:1, k:ed@lista_d3, mode:FULL, rate:0, size:169
2026-07-05 22:59:10, EXEC, v:1, k:ed@lista_d3, mode:FULL, rate:0, size:173
2026-07-05 23:00:01, EXEC, v:1, k:ed@lista_d3, mode:FULL, rate:0, size:177
2026-07-05 22:59:59, MOVE, v:1, k:ed@lista_d3, mode:EDIT
2026-07-05 23:00:01, MOVE, v:1, k:ed@lista_d3, mode:EDIT
2026-07-05 23:01:56, EXEC, v:1, k:ed@lista_d3, mode:FULL, rate:0, size:178
2026-07-05 23:03:19, EXEC, v:1, k:ed@lista_d3, mode:FULL, rate:0, size:182
2026-07-05 23:03:47, EXEC, v:1, k:ed@lista_d3, mode:FULL, rate:25, size:183
2026-07-05 23:03:47, MOVE, v:1, k:ed@lista_d3, mode:EDIT
2026-07-05 23:03:47, MOVE, v:1, k:ed@lista_d3, mode:EDIT
2026-07-05 23:07:39, EXEC, v:1, k:ed@lista_d3, mode:FULL, rate:25, size:187
2026-07-05 23:07:38, MOVE, v:1, k:ed@lista_d3, mode:EDIT
2026-07-05 23:07:39, MOVE, v:1, k:ed@lista_d3, mode:EDIT
2026-07-05 23:12:59, EXEC, v:1, k:ed@lista_d3, mode:FULL, rate:25, size:196
2026-07-05 23:14:02, MOVE, v:1, k:ed@lista_d3, mode:EDIT
2026-07-05 23:12:59, MOVE, v:1, k:ed@lista_d3, mode:EDIT
2026-07-05 23:17:08, EXEC, v:1, k:ed@lista_d3, mode:FULL, rate:100, size:205
2026-07-05 23:17:12, MOVE, v:1, k:ed@lista_d3, mode:BACK
2026-07-05 23:17:24, MOVE, v:1, k:ed@lista_d3, mode:PICK
2026-07-05 23:17:25, EXEC, v:1, k:ed@lista_d3, mode:FULL, rate:100, size:201
2026-07-05 23:17:26, MOVE, v:1, k:ed@lista_d3, mode:BACK
2026-07-05 23:17:48, SELF, v:1, k:ed@lista_d3, self:1, rate:100, study:60, concept:1, refactor:1
