2026-06-07 13:26:34, MOVE, v:1, k:ed@magicsearch, mode:PICK
2026-06-07 13:30:25, MOVE, v:1, k:ed@magicsearch, mode:EDIT
2026-06-07 13:35:25, MOVE, v:1, k:ed@magicsearch, mode:EDIT
2026-06-07 13:39:56, MOVE, v:1, k:ed@magicsearch, mode:EDIT
2026-06-07 13:45:29, MOVE, v:1, k:ed@magicsearch, mode:EDIT
2026-06-07 13:50:19, MOVE, v:1, k:ed@magicsearch, mode:EDIT
2026-06-07 13:51:21, EXEC, v:1, k:ed@magicsearch, mode:FULL, rate:10, size:65
2026-06-07 13:51:34, MOVE, v:1, k:ed@magicsearch, mode:BACK
2026-06-07 13:51:57, MOVE, v:1, k:ed@magicsearch, mode:PICK
2026-06-07 13:55:49, MOVE, v:1, k:ed@magicsearch, mode:EDIT
2026-06-07 13:58:01, EXEC, v:1, k:ed@magicsearch, mode:FULL, rate:10, size:75
2026-06-07 13:59:38, EXEC, v:1, k:ed@magicsearch, mode:FULL, rate:0, size:80
2026-06-07 14:00:35, EXEC, v:1, k:ed@magicsearch, mode:FULL, rate:0, size:80
2026-06-07 14:01:36, MOVE, v:1, k:ed@magicsearch, mode:EDIT
2026-06-07 14:00:34, MOVE, v:1, k:ed@magicsearch, mode:EDIT
2026-06-07 14:02:06, EXEC, v:1, k:ed@magicsearch, mode:FULL, rate:0, size:82
2026-06-07 14:02:42, EXEC, v:1, k:ed@magicsearch, mode:FULL, rate:40, size:84
2026-06-07 14:03:55, EXEC, v:1, k:ed@magicsearch, mode:FULL, rate:100, size:84
2026-06-07 14:03:58, MOVE, v:1, k:ed@magicsearch, mode:BACK
2026-06-07 14:04:13, MOVE, v:1, k:ed@magicsearch, mode:PICK
2026-06-07 14:04:19, EXEC, v:1, k:ed@magicsearch, mode:FULL, rate:40, size:84
2026-06-07 14:04:20, MOVE, v:1, k:ed@magicsearch, mode:BACK
2026-06-07 14:04:24, MOVE, v:1, k:ed@magicsearch, mode:PICK
2026-06-07 14:04:27, MOVE, v:1, k:ed@magicsearch, mode:BACK
2026-06-07 14:04:49, MOVE, v:1, k:ed@magicsearch, mode:PICK
2026-06-07 14:06:41, MOVE, v:1, k:ed@magicsearch, mode:BACK
2026-06-07 14:06:46, MOVE, v:1, k:ed@magicsearch, mode:PICK
2026-06-07 14:26:31, MOVE, v:1, k:ed@magicsearch, mode:BACK
2026-06-07 14:26:39, MOVE, v:1, k:ed@magicsearch, mode:PICK
2026-06-07 14:39:54, EXEC, v:1, k:ed@magicsearch, mode:FULL, rate:40
2026-06-07 14:40:08, EXEC, v:1, k:ed@magicsearch, mode:FULL, rate:100, size:84
2026-06-07 14:40:11, MOVE, v:1, k:ed@magicsearch, mode:BACK
2026-06-07 14:40:55, SELF, v:1, k:ed@magicsearch, self:1, rate:100, study:86, concept:1
