2026-06-03 20:34:51, MOVE, v:1, k:ed@arvore-path, mode:DOWN
2026-06-03 20:35:51, MOVE, v:1, k:ed@arvore-path, mode:PICK
2026-06-03 20:34:50, MOVE, v:1, k:ed@arvore-path, mode:EDIT
2026-06-03 20:34:50, MOVE, v:1, k:ed@arvore-path, mode:EDIT
2026-06-03 20:34:51, MOVE, v:1, k:ed@arvore-path, mode:EDIT
2026-06-03 20:43:09, EXEC, v:1, k:ed@arvore-path, mode:FULL, size:80, fail:COMP
2026-06-03 20:43:32, MOVE, v:1, k:ed@arvore-path, mode:EDIT
2026-06-03 20:44:34, EXEC, v:1, k:ed@arvore-path, mode:FULL, rate:12, size:80
2026-06-03 20:45:53, MOVE, v:1, k:ed@arvore-path, mode:EDIT
2026-06-03 20:44:34, MOVE, v:1, k:ed@arvore-path, mode:EDIT
2026-06-03 20:49:25, MOVE, v:1, k:ed@arvore-path, mode:BACK
2026-06-03 20:50:06, MOVE, v:1, k:ed@arvore-path, mode:PICK
2026-06-03 20:52:15, MOVE, v:1, k:ed@arvore-path, mode:BACK
2026-06-03 20:52:22, MOVE, v:1, k:ed@arvore-path, mode:PICK
2026-06-03 20:53:12, EXEC, v:1, k:ed@arvore-path, mode:FULL, rate:25, size:83
2026-06-03 20:53:12, MOVE, v:1, k:ed@arvore-path, mode:EDIT
2026-06-03 20:56:26, MOVE, v:1, k:ed@arvore-path, mode:EDIT
2026-06-03 20:58:18, MOVE, v:1, k:ed@arvore-path, mode:BACK
2026-06-03 20:58:23, MOVE, v:1, k:ed@arvore-path, mode:PICK
2026-06-03 21:01:53, MOVE, v:1, k:ed@arvore-path, mode:BACK
2026-06-03 21:02:03, MOVE, v:1, k:ed@arvore-path, mode:PICK
2026-06-03 21:02:06, MOVE, v:1, k:ed@arvore-path, mode:BACK
2026-06-03 21:02:37, MOVE, v:1, k:ed@arvore-path, mode:PICK
2026-06-03 21:04:50, MOVE, v:1, k:ed@arvore-path, mode:BACK
2026-06-03 21:04:57, MOVE, v:1, k:ed@arvore-path, mode:PICK
2026-06-03 21:04:57, EXEC, v:1, k:ed@arvore-path, mode:FULL, size:86, fail:COMP
2026-06-03 21:05:30, EXEC, v:1, k:ed@arvore-path, mode:FULL, rate:37, size:86
2026-06-03 21:07:24, MOVE, v:1, k:ed@arvore-path, mode:BACK
2026-06-03 21:07:30, MOVE, v:1, k:ed@arvore-path, mode:PICK
2026-06-03 21:10:23, MOVE, v:1, k:ed@arvore-path, mode:BACK
2026-06-03 21:10:30, MOVE, v:1, k:ed@arvore-path, mode:PICK
2026-06-03 21:13:55, MOVE, v:1, k:ed@arvore-path, mode:BACK
2026-06-03 21:14:03, MOVE, v:1, k:ed@arvore-path, mode:PICK
2026-06-03 21:15:18, EXEC, v:1, k:ed@arvore-path, mode:FULL, rate:100, size:89
2026-06-03 21:15:21, MOVE, v:1, k:ed@arvore-path, mode:BACK
2026-06-03 21:15:34, MOVE, v:1, k:ed@arvore-path, mode:PICK
2026-06-03 21:15:36, MOVE, v:1, k:ed@arvore-path, mode:BACK
2026-06-03 21:15:52, SELF, v:1, k:ed@arvore-path, self:1, rate:100, study:40
2026-06-03 21:18:29, MOVE, v:1, k:ed@bst_insert, mode:DOWN
2026-06-03 21:18:31, MOVE, v:1, k:ed@bst_insert, mode:PICK
2026-06-03 21:18:29, MOVE, v:1, k:ed@bst_insert, mode:EDIT
2026-06-03 21:18:29, MOVE, v:1, k:ed@bst_insert, mode:EDIT
2026-06-03 21:18:29, MOVE, v:1, k:ed@bst_insert, mode:EDIT
2026-06-03 21:22:05, EXEC, v:1, k:ed@bst_insert, mode:FULL, rate:0, size:65
2026-06-03 21:22:05, MOVE, v:1, k:ed@bst_insert, mode:EDIT
2026-06-03 21:25:23, MOVE, v:1, k:ed@bst_insert, mode:EDIT
2026-06-03 21:28:17, EXEC, v:1, k:ed@bst_insert, mode:FULL, rate:0, size:77
2026-06-03 21:28:21, MOVE, v:1, k:ed@bst_insert, mode:BACK
2026-06-03 21:28:30, MOVE, v:1, k:ed@bst_insert, mode:PICK
2026-06-03 21:32:02, MOVE, v:1, k:ed@bst_insert, mode:BACK
2026-06-03 21:32:08, MOVE, v:1, k:ed@bst_insert, mode:PICK
2026-06-03 21:37:30, MOVE, v:1, k:ed@bst_insert, mode:BACK
2026-06-03 21:37:36, MOVE, v:1, k:ed@bst_insert, mode:PICK
2026-06-03 21:43:45, MOVE, v:1, k:ed@bst_insert, mode:BACK
2026-06-03 21:43:56, MOVE, v:1, k:ed@bst_insert, mode:PICK
2026-06-03 21:43:59, EXEC, v:1, k:ed@bst_insert, mode:FULL, rate:16, size:79
2026-06-03 21:43:58, MOVE, v:1, k:ed@bst_insert, mode:EDIT
2026-06-03 21:44:23, MOVE, v:1, k:ed@bst_insert, mode:EDIT
2026-06-03 21:49:06, MOVE, v:1, k:ed@bst_insert, mode:BACK
2026-06-03 21:49:21, MOVE, v:1, k:ed@bst_insert, mode:PICK
2026-06-03 21:50:49, MOVE, v:1, k:ed@bst_insert, mode:BACK
2026-06-03 21:51:03, MOVE, v:1, k:ed@bst_insert, mode:PICK
2026-06-03 21:51:05, EXEC, v:1, k:ed@bst_insert, mode:FULL, rate:16, size:79
2026-06-03 21:51:05, MOVE, v:1, k:ed@bst_insert, mode:EDIT
2026-06-03 21:51:22, MOVE, v:1, k:ed@bst_insert, mode:EDIT
2026-06-03 21:55:01, MOVE, v:1, k:ed@bst_insert, mode:BACK
2026-06-03 21:55:24, MOVE, v:1, k:ed@bst_insert, mode:PICK
2026-06-03 21:58:31, EXEC, v:1, k:ed@bst_insert, mode:FULL, rate:100, size:79
2026-06-03 21:58:32, MOVE, v:1, k:ed@bst_insert, mode:BACK
2026-06-03 21:58:50, MOVE, v:1, k:ed@bst_insert, mode:PICK
2026-06-03 21:58:50, EXEC, v:1, k:ed@bst_insert, mode:FULL, rate:100
2026-06-03 21:58:51, MOVE, v:1, k:ed@bst_insert, mode:BACK
2026-06-03 21:59:23, SELF, v:1, k:ed@bst_insert, self:1, rate:100, study:40
