2026-03-17 13:12:01, MOVE, v:1, k:ed@gomos, mode:PICK
2026-03-17 13:12:13, EXEC, v:1, k:ed@gomos, mode:FULL, rate:66
2026-03-17 13:21:13, MOVE, v:1, k:ed@gomos, mode:BACK
2026-03-17 13:21:20, MOVE, v:1, k:ed@baruel, mode:DOWN
2026-03-17 13:21:23, MOVE, v:1, k:ed@baruel, mode:PICK
2026-03-17 13:25:56, MOVE, v:1, k:ed@baruel, mode:PICK
2026-03-17 13:45:12, MOVE, v:1, k:ed@baruel, mode:PICK
2026-03-17 13:50:53, MOVE, v:1, k:ed@baruel, mode:PICK
2026-03-17 13:52:05, MOVE, v:1, k:ed@baruel, mode:BACK
2026-03-17 13:52:09, MOVE, v:1, k:ed@casais, mode:DOWN
2026-03-17 13:52:16, MOVE, v:1, k:ed@casais, mode:PICK
2026-03-17 13:58:26, MOVE, v:1, k:ed@casais, mode:BACK
2026-03-17 13:58:29, MOVE, v:1, k:ed@gomos, mode:PICK
2026-03-17 13:58:50, EXEC, v:1, k:ed@gomos, mode:FULL, rate:66
2026-03-17 14:10:27, EXEC, v:1, k:ed@gomos, mode:FULL, size:36, fail:COMP
2026-03-17 14:12:38, EXEC, v:1, k:ed@gomos, mode:FULL, rate:0, size:36
2026-03-17 14:18:53, EXEC, v:1, k:ed@gomos, mode:FULL, rate:0, size:43
2026-03-17 14:19:10, EXEC, v:1, k:ed@gomos, mode:FULL, rate:16, size:45
2026-03-17 14:22:13, EXEC, v:1, k:ed@gomos, mode:FULL, rate:16, size:52
2026-03-17 14:22:43, EXEC, v:1, k:ed@gomos, mode:FULL, rate:33, size:52
2026-03-17 14:24:12, EXEC, v:1, k:ed@gomos, mode:FULL, rate:66, size:68
2026-03-17 14:36:54, EXEC, v:1, k:ed@gomos, mode:FULL, rate:66, size:68
2026-03-17 14:37:06, EXEC, v:1, k:ed@gomos, mode:FULL, rate:83, size:68
2026-03-17 14:37:35, EXEC, v:1, k:ed@gomos, mode:FULL, rate:100, size:74
2026-03-17 14:38:10, MOVE, v:1, k:ed@gomos, mode:BACK
2026-03-17 14:39:04, SELF, v:1, k:ed@gomos, self:1, rate:100, study:90, friend:Sophia Munis
