2026-05-20 13:31:01, MOVE, v:1, k:ed@eh_primo, mode:PICK
2026-05-20 13:31:09, EXEC, v:1, k:ed@eh_primo, mode:FULL, rate:100
2026-05-20 13:31:11, MOVE, v:1, k:ed@eh_primo, mode:BACK
2026-05-20 13:31:09, MOVE, v:1, k:ed@eh_primo, mode:EDIT
2026-05-20 13:34:33, MOVE, v:1, k:ed@distancia, mode:PICK
2026-05-20 13:34:34, EXEC, v:1, k:ed@distancia, mode:FULL, rate:28
2026-05-20 13:36:59, MOVE, v:1, k:ed@distancia, mode:BACK
2026-05-20 13:34:34, MOVE, v:1, k:ed@distancia, mode:EDIT
2026-05-20 13:39:04, MOVE, v:1, k:ed@enesimo, mode:DOWN
2026-05-20 13:39:33, MOVE, v:1, k:ed@distancia, mode:PICK
2026-05-20 13:39:34, EXEC, v:1, k:ed@distancia, mode:FULL, rate:28
2026-05-20 13:39:54, EXEC, v:1, k:ed@distancia, mode:FULL, rate:28
2026-05-20 13:41:11, EXEC, v:1, k:ed@distancia, mode:FULL, rate:0, size:76
2026-05-20 13:41:24, EXEC, v:1, k:ed@distancia, mode:FULL, rate:28, size:76
2026-05-20 13:41:48, EXEC, v:1, k:ed@distancia, mode:FULL, rate:0, size:76
2026-05-20 13:39:04, MOVE, v:1, k:ed@enesimo, mode:EDIT
2026-05-20 13:39:04, MOVE, v:1, k:ed@enesimo, mode:EDIT
2026-05-20 13:39:04, MOVE, v:1, k:ed@enesimo, mode:EDIT
2026-05-20 13:41:48, MOVE, v:1, k:ed@distancia, mode:EDIT
2026-05-20 13:41:55, MOVE, v:1, k:ed@distancia, mode:EDIT
2026-05-20 13:42:34, EXEC, v:1, k:ed@distancia, mode:FULL, rate:28, size:76
2026-05-20 13:43:36, EXEC, v:1, k:ed@distancia, mode:FULL, rate:0, size:76
2026-05-20 13:44:00, EXEC, v:1, k:ed@distancia, mode:FULL, rate:28, size:76
2026-05-20 13:46:42, EXEC, v:1, k:ed@distancia, mode:FULL, rate:28, size:76
2026-05-20 13:46:41, MOVE, v:1, k:ed@distancia, mode:EDIT
2026-05-20 13:46:41, MOVE, v:1, k:ed@distancia, mode:EDIT
2026-05-20 13:47:50, EXEC, v:1, k:ed@distancia, mode:FULL, size:76, fail:COMP
2026-05-20 13:47:50, MOVE, v:1, k:ed@distancia, mode:EDIT
2026-05-20 13:53:34, EXEC, v:1, k:ed@distancia, mode:FULL, rate:28, size:76
2026-05-20 13:53:32, MOVE, v:1, k:ed@distancia, mode:EDIT
2026-05-20 13:53:34, MOVE, v:1, k:ed@distancia, mode:EDIT
2026-05-20 14:02:22, MOVE, v:1, k:ed@distancia, mode:EDIT
2026-05-20 14:03:27, EXEC, v:1, k:ed@distancia, mode:FULL, rate:28, size:81
2026-05-20 14:03:58, EXEC, v:1, k:ed@distancia, mode:FULL, rate:28, size:76
2026-05-20 14:03:59, MOVE, v:1, k:ed@distancia, mode:BACK
2026-05-20 14:06:51, MOVE, v:1, k:ed@ilhas, mode:PICK
2026-05-20 14:05:11, MOVE, v:1, k:ed@distancia, mode:EDIT
2026-05-20 17:17:56, MOVE, v:1, k:ed@labirinto, mode:PICK
2026-05-20 17:18:49, MOVE, v:1, k:ed@labirinto, mode:BACK
2026-05-20 17:18:53, MOVE, v:1, k:ed@labirinto, mode:PICK
2026-05-20 17:18:56, EXEC, v:1, k:ed@labirinto, mode:FULL, rate:100
2026-05-20 17:18:57, MOVE, v:1, k:ed@labirinto, mode:BACK
2026-05-20 17:19:32, MOVE, v:1, k:ed@queimada, mode:PICK
2026-05-20 17:19:54, EXEC, v:1, k:ed@queimada, mode:FULL, rate:100, size:51
2026-05-20 17:19:57, MOVE, v:1, k:ed@queimada, mode:BACK
2026-05-20 17:20:28, MOVE, v:1, k:ed@ilhas, mode:PICK
2026-05-20 17:18:56, MOVE, v:1, k:ed@labirinto, mode:EDIT
2026-05-20 17:19:52, MOVE, v:1, k:ed@queimada, mode:EDIT
2026-05-20 17:19:54, MOVE, v:1, k:ed@queimada, mode:EDIT
2026-05-20 17:22:15, MOVE, v:1, k:ed@ilhas, mode:EDIT
2026-05-20 17:27:15, MOVE, v:1, k:ed@ilhas, mode:EDIT
2026-05-20 17:42:16, MOVE, v:1, k:ed@ilhas, mode:EDIT
2026-05-20 17:43:50, EXEC, v:1, k:ed@ilhas, mode:FULL, rate:100, size:72
2026-05-20 17:43:53, MOVE, v:1, k:ed@ilhas, mode:BACK
2026-05-20 17:52:02, MOVE, v:1, k:ed@princesa, mode:PICK
2026-05-20 17:52:23, MOVE, v:1, k:ed@princesa, mode:BACK
2026-05-20 17:52:38, MOVE, v:1, k:ed@alternando, mode:PICK
2026-05-20 18:03:58, MOVE, v:1, k:ed@alternando, mode:EDIT
2026-05-20 18:08:52, EXEC, v:1, k:ed@alternando, mode:FULL, rate:100, size:68
2026-05-20 18:08:55, MOVE, v:1, k:ed@alternando, mode:BACK
2026-05-20 18:08:47, MOVE, v:1, k:ed@alternando, mode:EDIT
2026-05-20 18:08:52, MOVE, v:1, k:ed@alternando, mode:EDIT
2026-05-20 18:22:04, MOVE, v:1, k:ed@escada, mode:PICK
2026-05-20 18:25:54, EXEC, v:1, k:ed@escada, mode:FULL, rate:100
2026-05-20 18:25:55, MOVE, v:1, k:ed@escada, mode:BACK
2026-05-20 18:26:30, MOVE, v:1, k:ed@labirinto, mode:PICK
2026-05-20 18:27:45, MOVE, v:1, k:ed@labirinto, mode:EDIT
2026-05-20 18:34:34, EXEC, v:1, k:ed@labirinto, mode:FULL, rate:100, size:87
2026-05-20 18:34:36, MOVE, v:1, k:ed@labirinto, mode:BACK
