2026-06-06 00:00:08, EXEC, v:1, k:ed@pilha, mode:FULL, rate:0, size:105
2026-06-06 00:01:15, EXEC, v:1, k:ed@pilha, mode:FULL, rate:0, size:105
2026-06-06 00:01:34, EXEC, v:1, k:ed@pilha, mode:FULL, rate:0, size:105
2026-06-06 00:01:55, EXEC, v:1, k:ed@pilha, mode:FULL, rate:0, size:105
2026-06-06 00:01:55, MOVE, v:1, k:ed@pilha, mode:EDIT
2026-06-06 00:01:53, MOVE, v:1, k:ed@pilha, mode:EDIT
2026-06-06 00:02:09, MOVE, v:1, k:ed@pilha, mode:BACK
2026-06-06 00:02:22, MOVE, v:1, k:ed@pilha, mode:PICK
2026-06-06 00:06:52, MOVE, v:1, k:ed@pilha, mode:BACK
2026-06-06 00:06:59, MOVE, v:1, k:ed@pilha, mode:PICK
2026-06-06 00:09:19, MOVE, v:1, k:ed@pilha, mode:BACK
2026-06-06 00:09:31, MOVE, v:1, k:ed@pilha, mode:PICK
2026-06-06 00:14:11, MOVE, v:1, k:ed@pilha, mode:BACK
2026-06-06 00:14:17, MOVE, v:1, k:ed@pilha, mode:PICK
2026-06-06 00:15:22, EXEC, v:1, k:ed@pilha, mode:FULL, rate:0, size:112
2026-06-06 00:18:56, MOVE, v:1, k:ed@pilha, mode:BACK
2026-06-06 00:19:04, MOVE, v:1, k:ed@pilha, mode:PICK
2026-06-06 00:20:21, MOVE, v:1, k:ed@pilha, mode:EDIT
2026-06-06 00:25:36, MOVE, v:1, k:ed@pilha, mode:BACK
2026-06-06 00:25:42, MOVE, v:1, k:ed@pilha, mode:PICK
2026-06-06 00:27:59, EXEC, v:1, k:ed@pilha, mode:FULL, rate:0, size:119
2026-06-06 00:27:59, MOVE, v:1, k:ed@pilha, mode:EDIT
2026-06-06 00:29:30, MOVE, v:1, k:ed@pilha, mode:EDIT
2026-06-06 00:33:53, MOVE, v:1, k:ed@pilha, mode:BACK
2026-06-06 00:34:02, MOVE, v:1, k:ed@pilha, mode:PICK
2026-06-06 00:38:04, EXEC, v:1, k:ed@pilha, mode:FULL, rate:33, size:121
2026-06-06 00:38:08, MOVE, v:1, k:ed@pilha, mode:BACK
2026-06-06 00:38:16, MOVE, v:1, k:ed@pilha, mode:PICK
2026-06-06 00:41:21, EXEC, v:1, k:ed@pilha, mode:FULL, rate:33
2026-06-06 00:41:35, MOVE, v:1, k:ed@pilha, mode:BACK
2026-06-06 00:41:47, MOVE, v:1, k:ed@pilha, mode:PICK
2026-06-06 00:45:30, MOVE, v:1, k:ed@pilha, mode:BACK
2026-06-06 00:45:36, MOVE, v:1, k:ed@pilha, mode:PICK
2026-06-06 00:46:01, EXEC, v:1, k:ed@pilha, mode:FULL, rate:33, size:121
2026-06-06 00:46:21, EXEC, v:1, k:ed@pilha, mode:FULL, rate:33, size:121
2026-06-06 00:46:48, EXEC, v:1, k:ed@pilha, mode:FULL, rate:66, size:121
2026-06-06 00:46:51, MOVE, v:1, k:ed@pilha, mode:BACK
2026-06-06 00:47:00, MOVE, v:1, k:ed@pilha, mode:PICK
2026-06-06 00:47:14, MOVE, v:1, k:ed@pilha, mode:EDIT
2026-06-06 00:53:07, MOVE, v:1, k:ed@pilha, mode:BACK
2026-06-06 00:53:13, MOVE, v:1, k:ed@pilha, mode:PICK
2026-06-06 00:55:38, MOVE, v:1, k:ed@pilha, mode:BACK
2026-06-06 00:55:44, MOVE, v:1, k:ed@pilha, mode:PICK
2026-06-06 00:56:35, EXEC, v:1, k:ed@pilha, mode:FULL, rate:100, size:121
2026-06-06 00:56:43, MOVE, v:1, k:ed@pilha, mode:BACK
2026-06-06 00:57:03, SELF, v:1, k:ed@pilha, self:1, rate:100, study:130, concept:1
