2026-05-03 00:03:34, MOVE, v:1, k:ed@iterador, mode:DOWN
2026-05-03 00:03:35, MOVE, v:1, k:ed@iterador, mode:PICK
2026-05-03 00:03:34, MOVE, v:1, k:ed@iterador, mode:EDIT
2026-05-03 00:03:34, MOVE, v:1, k:ed@iterador, mode:EDIT
2026-05-03 00:03:34, MOVE, v:1, k:ed@iterador, mode:EDIT
2026-05-03 00:06:29, EXEC, v:1, k:ed@iterador, mode:FULL, rate:33, size:82
2026-05-03 00:09:24, EXEC, v:1, k:ed@iterador, mode:FULL, size:82, fail:COMP
2026-05-03 00:09:36, EXEC, v:1, k:ed@iterador, mode:FULL, size:82, fail:COMP
2026-05-03 00:10:35, EXEC, v:1, k:ed@iterador, mode:FULL, rate:33, size:82
2026-05-03 00:10:35, MOVE, v:1, k:ed@iterador, mode:EDIT
2026-05-03 00:10:31, MOVE, v:1, k:ed@iterador, mode:EDIT
2026-05-03 00:12:44, EXEC, v:1, k:ed@iterador, mode:FULL, size:82, fail:COMP
2026-05-03 00:14:12, EXEC, v:1, k:ed@iterador, mode:FULL, fail:COMP
2026-05-03 00:12:25, MOVE, v:1, k:ed@iterador, mode:EDIT
2026-05-03 00:19:11, EXEC, v:1, k:ed@iterador, mode:FULL, size:84, fail:COMP
2026-05-03 00:19:14, MOVE, v:1, k:ed@iterador, mode:BACK
2026-05-03 00:19:39, MOVE, v:1, k:ed@iterador, mode:PICK
2026-05-03 00:18:59, MOVE, v:1, k:ed@iterador, mode:EDIT
2026-05-03 00:23:35, EXEC, v:1, k:ed@iterador, mode:FULL, fail:COMP
2026-05-03 00:23:39, MOVE, v:1, k:ed@iterador, mode:BACK
2026-05-03 00:23:45, MOVE, v:1, k:ed@iterador, mode:PICK
2026-05-03 00:25:03, EXEC, v:1, k:ed@iterador, mode:FULL, rate:100, size:107
2026-05-03 00:24:25, MOVE, v:1, k:ed@iterador, mode:EDIT
2026-05-03 00:25:03, MOVE, v:1, k:ed@iterador, mode:EDIT
2026-05-03 00:26:56, MOVE, v:1, k:ed@iterador, mode:BACK
2026-05-03 00:27:03, MOVE, v:1, k:ed@iterador, mode:PICK
2026-05-03 00:27:04, EXEC, v:1, k:ed@iterador, mode:FULL, rate:100
2026-05-03 00:27:05, MOVE, v:1, k:ed@iterador, mode:BACK
2026-05-03 00:29:38, SELF, v:1, k:ed@iterador, self:1, rate:100, study:30, concept:1, refactor:1
2026-05-03 00:27:04, MOVE, v:1, k:ed@iterador, mode:EDIT
2026-05-03 00:31:29, MOVE, v:1, k:ed@bettersearch, mode:DOWN
2026-05-03 00:31:30, MOVE, v:1, k:ed@bettersearch, mode:PICK
2026-05-03 00:33:16, EXEC, v:1, k:ed@bettersearch, mode:FULL, rate:18, size:33
2026-05-03 00:31:29, MOVE, v:1, k:ed@bettersearch, mode:EDIT
2026-05-03 00:31:29, MOVE, v:1, k:ed@bettersearch, mode:EDIT
2026-05-03 00:31:29, MOVE, v:1, k:ed@bettersearch, mode:EDIT
2026-05-03 00:33:16, MOVE, v:1, k:ed@bettersearch, mode:EDIT
2026-05-03 00:38:57, EXEC, v:1, k:ed@bettersearch, mode:FULL, rate:18
2026-05-03 00:39:58, MOVE, v:1, k:ed@bettersearch, mode:EDIT
2026-05-03 00:38:56, MOVE, v:1, k:ed@bettersearch, mode:EDIT
2026-05-03 00:41:37, EXEC, v:1, k:ed@bettersearch, mode:FULL, rate:18, size:50
2026-05-03 00:41:38, MOVE, v:1, k:ed@bettersearch, mode:BACK
2026-05-03 00:41:46, MOVE, v:1, k:ed@bettersearch, mode:PICK
2026-05-03 00:41:37, MOVE, v:1, k:ed@bettersearch, mode:EDIT
2026-05-03 00:46:28, EXEC, v:1, k:ed@bettersearch, mode:FULL, rate:18
2026-05-03 00:49:14, EXEC, v:1, k:ed@bettersearch, mode:FULL, rate:18
2026-05-03 00:49:17, MOVE, v:1, k:ed@bettersearch, mode:BACK
2026-05-03 00:49:57, MOVE, v:1, k:ed@bettersearch, mode:PICK
2026-05-03 00:49:58, EXEC, v:1, k:ed@bettersearch, mode:FULL, rate:100, size:49
2026-05-03 00:50:05, MOVE, v:1, k:ed@bettersearch, mode:BACK
2026-05-03 00:50:31, SELF, v:1, k:ed@bettersearch, self:1, rate:100, study:20, concept:1, refactor:1
2026-05-03 00:49:58, MOVE, v:1, k:ed@bettersearch, mode:EDIT
2026-05-03 00:49:42, MOVE, v:1, k:ed@bettersearch, mode:EDIT
