2026-05-05 13:23:52, MOVE, v:1, k:ed@editorint, mode:DOWN
2026-05-05 13:23:54, MOVE, v:1, k:ed@editorint, mode:PICK
2026-05-05 13:23:52, MOVE, v:1, k:ed@editorint, mode:EDIT
2026-05-05 13:23:52, MOVE, v:1, k:ed@editorint, mode:EDIT
2026-05-05 13:23:52, MOVE, v:1, k:ed@editorint, mode:EDIT
2026-05-05 13:23:52, MOVE, v:1, k:ed@editorint, mode:EDIT
2026-05-05 13:23:52, MOVE, v:1, k:ed@editorint, mode:EDIT
2026-05-05 13:27:28, MOVE, v:1, k:ed@editorint, mode:BACK
2026-05-05 13:30:13, EXEC, v:1, k:src@go, mode:FREE, size:259
2026-05-05 13:30:55, EXEC, v:1, k:src@go, mode:FREE
2026-05-05 13:33:17, EXEC, v:1, k:ed@editorint, mode:FREE
2026-05-05 13:47:16, MOVE, v:1, k:ed@editorint, mode:PICK
2026-05-05 13:47:18, EXEC, v:1, k:ed@editorint, mode:FULL, rate:0, size:45
2026-05-05 13:47:18, MOVE, v:1, k:ed@setbuild, mode:EDIT
2026-05-05 13:57:11, EXEC, v:1, k:ed@editorint, mode:FULL, rate:0
2026-05-05 13:57:12, EXEC, v:1, k:ed@editorint, mode:FULL, rate:0
2026-05-05 14:00:00, EXEC, v:1, k:ed@editorint, mode:FULL, rate:0
2026-05-05 14:00:00, MOVE, v:1, k:ed@setbuild, mode:EDIT
2026-05-05 14:03:21, EXEC, v:1, k:ed@editorint, mode:FULL, rate:0
2026-05-05 14:04:22, EXEC, v:1, k:ed@editorint, mode:FULL, rate:0
2026-05-05 14:06:22, EXEC, v:1, k:ed@editorint, mode:FULL, rate:0
2026-05-05 14:06:22, MOVE, v:1, k:ed@setbuild, mode:EDIT
2026-05-05 14:07:26, EXEC, v:1, k:ed@editorint, mode:FULL, rate:0
2026-05-05 14:07:58, EXEC, v:1, k:ed@editorint, mode:FULL, rate:0
2026-05-05 14:08:00, MOVE, v:1, k:ed@editorint, mode:BACK
