2026-07-04 11:51:50, MOVE, v:1, k:ed@dfs_read, mode:DOWN
2026-07-04 11:51:56, MOVE, v:1, k:ed@dfs_read, mode:PICK
2026-07-04 11:52:04, EXEC, v:1, k:ed@dfs_read, mode:LOCK, rate:0, size:5
2026-07-04 11:52:23, MOVE, v:1, k:ed@dfs_read, mode:BACK
2026-07-04 11:52:31, MOVE, v:1, k:ed@cercado, mode:DOWN
2026-07-04 11:52:32, MOVE, v:1, k:ed@cercado, mode:PICK
2026-07-04 11:52:34, EXEC, v:1, k:ed@cercado, mode:FULL, rate:33, size:29
2026-07-04 11:51:50, MOVE, v:1, k:ed@dfs_read, mode:EDIT
2026-07-04 11:52:04, MOVE, v:1, k:ed@dfs_read, mode:EDIT
2026-07-04 11:52:31, MOVE, v:1, k:ed@cercado, mode:EDIT
2026-07-04 11:52:31, MOVE, v:1, k:ed@cercado, mode:EDIT
2026-07-04 11:52:34, MOVE, v:1, k:ed@cercado, mode:EDIT
2026-07-04 11:59:12, MOVE, v:1, k:ed@cercado, mode:EDIT
2026-07-04 12:20:27, EXEC, v:1, k:ed@cercado, mode:FULL, size:39, fail:COMP
2026-07-04 12:20:34, MOVE, v:1, k:ed@cercado, mode:BACK
2026-07-04 12:20:45, MOVE, v:1, k:ed@cercado, mode:PICK
2026-07-04 12:25:40, MOVE, v:1, k:ed@cercado, mode:EDIT
2026-07-04 12:25:52, EXEC, v:1, k:ed@cercado, mode:FULL, size:50, fail:COMP
2026-07-04 12:25:53, MOVE, v:1, k:ed@cercado, mode:BACK
2026-07-04 12:25:59, MOVE, v:1, k:ed@cercado, mode:PICK
2026-07-04 12:30:56, MOVE, v:1, k:ed@cercado, mode:EDIT
2026-07-04 12:32:37, EXEC, v:1, k:ed@cercado, mode:FULL, size:55, fail:COMP
2026-07-04 12:32:42, MOVE, v:1, k:ed@cercado, mode:BACK
2026-07-04 12:32:51, MOVE, v:1, k:ed@cercado, mode:PICK
2026-07-04 12:35:34, EXEC, v:1, k:ed@cercado, mode:FULL, rate:33, size:62
2026-07-04 12:37:38, MOVE, v:1, k:ed@cercado, mode:EDIT
2026-07-04 12:35:34, MOVE, v:1, k:ed@cercado, mode:EDIT
2026-07-04 12:41:37, MOVE, v:1, k:ed@cercado, mode:EDIT
2026-07-04 12:43:00, EXEC, v:1, k:ed@cercado, mode:FULL, rate:33, size:79
2026-07-04 12:43:09, MOVE, v:1, k:ed@cercado, mode:BACK
2026-07-04 12:43:27, MOVE, v:1, k:ed@cercado, mode:PICK
2026-07-04 12:47:45, EXEC, v:1, k:ed@cercado, mode:FULL, rate:33
2026-07-04 12:47:46, MOVE, v:1, k:ed@cercado, mode:BACK
2026-07-04 12:47:53, MOVE, v:1, k:ed@cercado, mode:PICK
2026-07-04 12:51:31, EXEC, v:1, k:ed@cercado, mode:FULL, rate:100, size:81
2026-07-04 12:51:38, MOVE, v:1, k:ed@cercado, mode:BACK
2026-07-04 12:52:18, SELF, v:1, k:ed@cercado, self:1, rate:100, study:60, concept:1
2026-07-04 12:53:41, MOVE, v:1, k:ed@caminho, mode:PICK
2026-07-04 12:53:42, EXEC, v:1, k:ed@caminho, mode:FULL, fail:COMP
2026-07-04 12:53:44, MOVE, v:1, k:ed@caminho, mode:BACK
2026-07-04 12:54:00, MOVE, v:1, k:ed@pintura, mode:DOWN
2026-07-04 12:54:03, MOVE, v:1, k:ed@pintura, mode:PICK
2026-07-04 12:54:58, EXEC, v:1, k:ed@pintura, mode:FULL, size:57, fail:COMP
2026-07-04 12:54:00, MOVE, v:1, k:ed@pintura, mode:EDIT
2026-07-04 12:56:19, MOVE, v:1, k:ed@pintura, mode:EDIT
2026-07-04 13:06:43, MOVE, v:1, k:ed@pintura, mode:EDIT
2026-07-04 13:11:44, MOVE, v:1, k:ed@pintura, mode:EDIT
2026-07-04 13:12:18, EXEC, v:1, k:ed@pintura, mode:FULL, size:69, fail:COMP
2026-07-04 13:12:19, MOVE, v:1, k:ed@pintura, mode:BACK
2026-07-04 13:12:29, MOVE, v:1, k:ed@pintura, mode:PICK
2026-07-04 13:17:21, MOVE, v:1, k:ed@pintura, mode:EDIT
2026-07-04 13:21:33, EXEC, v:1, k:ed@pintura, mode:FULL, size:74, fail:COMP
2026-07-04 13:21:34, MOVE, v:1, k:ed@pintura, mode:BACK
2026-07-04 13:21:58, MOVE, v:1, k:ed@pintura, mode:PICK
2026-07-04 13:23:15, EXEC, v:1, k:ed@pintura, mode:FULL, rate:50, size:77
2026-07-04 13:23:14, MOVE, v:1, k:ed@pintura, mode:EDIT
2026-07-04 13:23:15, MOVE, v:1, k:ed@pintura, mode:EDIT
2026-07-04 13:27:42, EXEC, v:1, k:ed@pintura, mode:FULL, rate:50
2026-07-04 13:27:43, MOVE, v:1, k:ed@pintura, mode:BACK
2026-07-04 13:27:50, MOVE, v:1, k:ed@pintura, mode:PICK
2026-07-04 13:28:52, EXEC, v:1, k:ed@pintura, mode:FULL, rate:100, size:79
2026-07-04 13:28:53, MOVE, v:1, k:ed@pintura, mode:BACK
2026-07-04 13:29:12, MOVE, v:1, k:ed@pintura, mode:PICK
2026-07-04 13:29:16, MOVE, v:1, k:ed@pintura, mode:BACK
2026-07-04 13:29:18, MOVE, v:1, k:ed@pintura, mode:PICK
2026-07-04 13:29:19, EXEC, v:1, k:ed@pintura, mode:FULL, rate:100
2026-07-04 13:29:20, MOVE, v:1, k:ed@pintura, mode:BACK
2026-07-04 13:29:33, SELF, v:1, k:ed@pintura, self:1, rate:100, study:35
2026-07-04 13:31:37, MOVE, v:1, k:ed@longest, mode:DOWN
2026-07-04 13:31:40, MOVE, v:1, k:ed@longest, mode:PICK
2026-07-04 13:32:43, EXEC, v:1, k:ed@longest, mode:FULL, size:46, fail:COMP
2026-07-04 13:29:19, MOVE, v:1, k:ed@pintura, mode:EDIT
2026-07-04 13:31:37, MOVE, v:1, k:ed@longest, mode:EDIT
2026-07-04 13:33:49, MOVE, v:1, k:ed@longest, mode:EDIT
2026-07-04 13:41:20, EXEC, v:1, k:ed@longest, mode:FULL, size:48, fail:COMP
2026-07-04 13:41:21, MOVE, v:1, k:ed@longest, mode:BACK
2026-07-04 13:41:29, MOVE, v:1, k:ed@longest, mode:PICK
2026-07-04 13:44:20, EXEC, v:1, k:ed@longest, mode:FULL, size:56, fail:COMP
2026-07-04 13:44:21, MOVE, v:1, k:ed@longest, mode:BACK
2026-07-04 13:44:28, MOVE, v:1, k:ed@longest, mode:PICK
2026-07-04 13:49:24, MOVE, v:1, k:ed@longest, mode:EDIT
2026-07-04 13:50:54, EXEC, v:1, k:ed@longest, mode:FULL, size:65, fail:COMP
2026-07-04 13:50:55, MOVE, v:1, k:ed@longest, mode:BACK
2026-07-04 13:51:02, MOVE, v:1, k:ed@longest, mode:PICK
2026-07-04 13:55:22, EXEC, v:1, k:ed@longest, mode:FULL, size:74, fail:COMP
2026-07-04 13:55:25, MOVE, v:1, k:ed@longest, mode:BACK
2026-07-04 13:55:54, MOVE, v:1, k:ed@longest, mode:PICK
2026-07-04 13:55:56, EXEC, v:1, k:ed@longest, mode:FULL, rate:0, size:76
2026-07-04 13:55:52, MOVE, v:1, k:ed@longest, mode:EDIT
2026-07-04 13:55:56, MOVE, v:1, k:ed@longest, mode:EDIT
2026-07-04 13:56:11, MOVE, v:1, k:ed@longest, mode:BACK
2026-07-04 13:56:22, MOVE, v:1, k:ed@longest, mode:PICK
2026-07-04 13:59:37, EXEC, v:1, k:ed@longest, mode:FULL, rate:0, size:84
2026-07-04 13:59:48, EXEC, v:1, k:ed@longest, mode:FULL, rate:0, size:84
2026-07-04 13:59:56, MOVE, v:1, k:ed@longest, mode:BACK
2026-07-04 14:00:02, MOVE, v:1, k:ed@longest, mode:PICK
2026-07-04 14:04:07, EXEC, v:1, k:ed@longest, mode:FULL, rate:100, size:84
2026-07-04 14:04:08, MOVE, v:1, k:ed@longest, mode:BACK
2026-07-04 14:04:23, SELF, v:1, k:ed@longest, self:1, rate:100, study:32
2026-07-04 14:05:38, MOVE, v:1, k:ed@battleship, mode:DOWN
2026-07-04 14:05:39, MOVE, v:1, k:ed@battleship, mode:PICK
2026-07-04 14:07:24, EXEC, v:1, k:ed@battleship, mode:FULL, size:32, fail:COMP
2026-07-04 14:05:38, MOVE, v:1, k:ed@battleship, mode:EDIT
2026-07-04 14:07:28, MOVE, v:1, k:ed@battleship, mode:EDIT
2026-07-04 14:13:58, EXEC, v:1, k:ed@battleship, mode:FULL, size:30, fail:COMP
2026-07-04 14:13:58, MOVE, v:1, k:ed@battleship, mode:BACK
2026-07-04 14:14:05, MOVE, v:1, k:ed@battleship, mode:PICK
2026-07-04 14:16:41, EXEC, v:1, k:ed@battleship, mode:FULL, size:38, fail:COMP
2026-07-04 14:18:48, EXEC, v:1, k:ed@battleship, mode:FULL, rate:100, size:46
2026-07-04 14:19:02, MOVE, v:1, k:ed@battleship, mode:EDIT
2026-07-04 14:18:48, MOVE, v:1, k:ed@battleship, mode:EDIT
2026-07-04 14:19:46, EXEC, v:1, k:ed@battleship, mode:FULL, rate:50, size:46
2026-07-04 14:20:03, MOVE, v:1, k:ed@battleship, mode:BACK
2026-07-04 14:20:15, MOVE, v:1, k:ed@battleship, mode:PICK
2026-07-04 14:24:02, EXEC, v:1, k:ed@battleship, mode:FULL, rate:100, size:46
2026-07-04 14:24:04, MOVE, v:1, k:ed@battleship, mode:BACK
2026-07-04 14:24:50, SELF, v:1, k:ed@battleship, self:1, rate:100, study:20, refactor:1
2026-07-04 15:27:33, MOVE, v:1, k:ed@escapeSpread, mode:DOWN
2026-07-04 15:27:37, MOVE, v:1, k:ed@escapeSpread, mode:PICK
2026-07-04 15:30:25, EXEC, v:1, k:ed@escapeSpread, mode:FULL, size:31, fail:COMP
2026-07-04 15:27:33, MOVE, v:1, k:ed@escapeSpread, mode:EDIT
2026-07-04 15:31:21, MOVE, v:1, k:ed@escapeSpread, mode:EDIT
2026-07-04 15:36:24, EXEC, v:1, k:ed@escapeSpread, mode:FULL, size:29, fail:COMP
2026-07-04 15:36:24, MOVE, v:1, k:ed@escapeSpread, mode:EDIT
2026-07-04 15:46:24, MOVE, v:1, k:ed@escapeSpread, mode:EDIT
2026-07-04 15:50:02, EXEC, v:1, k:ed@escapeSpread, mode:FULL, size:41, fail:COMP
2026-07-04 15:50:03, MOVE, v:1, k:ed@escapeSpread, mode:BACK
2026-07-04 15:50:11, MOVE, v:1, k:ed@escapeSpread, mode:PICK
2026-07-04 15:54:46, MOVE, v:1, k:ed@escapeSpread, mode:EDIT
2026-07-04 15:56:03, EXEC, v:1, k:ed@escapeSpread, mode:FULL, size:54, fail:COMP
2026-07-04 15:56:03, MOVE, v:1, k:ed@escapeSpread, mode:BACK
2026-07-04 15:56:16, MOVE, v:1, k:ed@escapeSpread, mode:PICK
2026-07-04 16:06:37, EXEC, v:1, k:ed@escapeSpread, mode:FULL, fail:COMP
2026-07-04 16:06:38, MOVE, v:1, k:ed@escapeSpread, mode:BACK
2026-07-04 16:06:45, MOVE, v:1, k:ed@escapeSpread, mode:PICK
2026-07-04 16:11:34, MOVE, v:1, k:ed@escapeSpread, mode:EDIT
2026-07-04 16:14:33, EXEC, v:1, k:ed@escapeSpread, mode:FULL, rate:0, size:68
2026-07-04 16:16:20, MOVE, v:1, k:ed@escapeSpread, mode:EDIT
2026-07-04 16:14:33, MOVE, v:1, k:ed@escapeSpread, mode:EDIT
2026-07-04 16:21:38, MOVE, v:1, k:ed@escapeSpread, mode:EDIT
2026-07-04 16:24:20, EXEC, v:1, k:ed@escapeSpread, mode:FULL, rate:33, size:88
2026-07-04 16:24:37, MOVE, v:1, k:ed@escapeSpread, mode:BACK
2026-07-04 16:24:55, MOVE, v:1, k:ed@escapeSpread, mode:PICK
2026-07-04 16:28:27, EXEC, v:1, k:ed@escapeSpread, mode:FULL, rate:33, size:96
2026-07-04 16:28:34, MOVE, v:1, k:ed@escapeSpread, mode:BACK
2026-07-04 16:28:49, MOVE, v:1, k:ed@escapeSpread, mode:PICK
2026-07-04 16:33:30, MOVE, v:1, k:ed@escapeSpread, mode:EDIT
2026-07-04 16:34:13, EXEC, v:1, k:ed@escapeSpread, mode:FULL, rate:33, size:106
2026-07-04 16:35:28, MOVE, v:1, k:ed@escapeSpread, mode:EDIT
2026-07-04 16:34:13, MOVE, v:1, k:ed@escapeSpread, mode:EDIT
2026-07-04 16:41:19, EXEC, v:1, k:ed@escapeSpread, mode:FULL, size:110, fail:COMP
2026-07-04 16:41:20, MOVE, v:1, k:ed@escapeSpread, mode:BACK
2026-07-04 16:42:26, MOVE, v:1, k:ed@escapeSpread, mode:PICK
2026-07-04 16:47:21, MOVE, v:1, k:ed@escapeSpread, mode:EDIT
2026-07-04 16:47:43, EXEC, v:1, k:ed@escapeSpread, mode:FULL, rate:33, size:130
2026-07-04 16:51:51, EXEC, v:1, k:ed@escapeSpread, mode:FULL, rate:33, size:147
2026-07-04 16:52:08, MOVE, v:1, k:ed@escapeSpread, mode:BACK
2026-07-04 16:52:17, MOVE, v:1, k:ed@escapeSpread, mode:PICK
2026-07-04 16:53:12, EXEC, v:1, k:ed@escapeSpread, mode:FULL, rate:33, size:147
2026-07-04 16:56:17, EXEC, v:1, k:ed@escapeSpread, mode:FULL, rate:33, size:155
2026-07-04 16:56:45, EXEC, v:1, k:ed@escapeSpread, mode:FULL, rate:33
2026-07-04 16:56:16, MOVE, v:1, k:ed@escapeSpread, mode:EDIT
2026-07-04 16:56:45, MOVE, v:1, k:ed@escapeSpread, mode:EDIT
2026-07-04 17:02:03, MOVE, v:1, k:ed@escapeSpread, mode:EDIT
2026-07-04 17:02:26, EXEC, v:1, k:ed@escapeSpread, mode:FULL, rate:33, size:155
2026-07-04 17:02:25, MOVE, v:1, k:ed@escapeSpread, mode:EDIT
2026-07-04 17:17:11, MOVE, v:1, k:ed@escapeSpread, mode:EDIT
2026-07-04 17:21:36, EXEC, v:1, k:ed@escapeSpread, mode:FULL, size:178, fail:COMP
2026-07-04 17:20:47, MOVE, v:1, k:ed@escapeSpread, mode:EDIT
2026-07-04 17:24:17, EXEC, v:1, k:ed@escapeSpread, mode:FULL, rate:100, size:178
2026-07-04 17:24:23, MOVE, v:1, k:ed@escapeSpread, mode:BACK
2026-07-04 17:25:16, SELF, v:1, k:ed@escapeSpread, self:1, rate:100, study:116, concept:1
