2026-05-23 14:26:27, MOVE, v:1, k:ed@manipulacao, mode:PICK
2026-05-23 14:26:43, EXEC, v:1, k:ed@manipulacao, mode:FULL, rate:0, size:106
2026-05-23 14:26:42, MOVE, v:1, k:ed@manipulacao, mode:EDIT
2026-05-23 14:35:30, MOVE, v:1, k:ed@manipulacao, mode:EDIT
2026-05-23 14:44:32, EXEC, v:1, k:ed@manipulacao, mode:FULL, rate:14, size:112
2026-05-23 14:44:27, MOVE, v:1, k:ed@manipulacao, mode:EDIT
2026-05-23 14:44:31, MOVE, v:1, k:ed@manipulacao, mode:EDIT
2026-05-23 14:46:33, EXEC, v:1, k:ed@manipulacao, mode:FULL, rate:28, size:118
2026-05-23 14:47:43, MOVE, v:1, k:ed@manipulacao, mode:EDIT
2026-05-23 14:46:33, MOVE, v:1, k:ed@manipulacao, mode:EDIT
2026-05-23 14:50:47, EXEC, v:1, k:ed@manipulacao, mode:FULL, rate:42, size:119
2026-05-23 14:54:36, MOVE, v:1, k:ed@manipulacao, mode:PICK
2026-05-23 14:54:38, EXEC, v:1, k:ed@manipulacao, mode:FULL, size:120, fail:COMP
2026-05-23 14:59:31, MOVE, v:1, k:ed@manipulacao, mode:EDIT
2026-05-23 15:02:05, EXEC, v:1, k:ed@manipulacao, mode:FULL, rate:57, size:131
2026-05-23 15:04:30, MOVE, v:1, k:ed@manipulacao, mode:EDIT
2026-05-23 15:02:05, MOVE, v:1, k:ed@manipulacao, mode:EDIT
2026-05-23 15:08:43, EXEC, v:1, k:ed@manipulacao, mode:FULL, rate:71, size:136
2026-05-23 15:04:34, MOVE, v:1, k:ed@manipulacao, mode:EDIT
2026-05-23 15:08:43, MOVE, v:1, k:ed@manipulacao, mode:EDIT
2026-05-23 15:11:38, MOVE, v:1, k:ed@manipulacao, mode:EDIT
2026-05-23 15:17:35, EXEC, v:1, k:ed@manipulacao, mode:FULL, rate:85, size:144
2026-05-23 15:19:32, MOVE, v:1, k:ed@manipulacao, mode:EDIT
2026-05-23 15:17:35, MOVE, v:1, k:ed@manipulacao, mode:EDIT
2026-05-23 15:22:27, EXEC, v:1, k:ed@manipulacao, mode:FULL, rate:100, size:152
2026-05-23 15:22:46, MOVE, v:1, k:ed@manipulacao, mode:BACK
2026-05-23 15:23:35, SELF, v:1, k:ed@manipulacao, self:1, rate:100, study:60, concept:1
2026-05-23 15:23:49, MOVE, v:1, k:ed@especiais, mode:PICK
2026-05-23 15:24:13, EXEC, v:1, k:ed@especiais, mode:FULL, rate:0, size:132
2026-05-23 15:24:13, MOVE, v:1, k:ed@especiais, mode:EDIT
2026-05-23 15:32:14, EXEC, v:1, k:ed@especiais, mode:FULL, size:132, fail:COMP
2026-05-23 15:32:12, MOVE, v:1, k:ed@especiais, mode:EDIT
2026-05-23 15:41:53, MOVE, v:1, k:ed@especiais, mode:EDIT
2026-05-23 15:55:19, MOVE, v:1, k:ed@especiais, mode:EDIT
2026-05-23 16:02:44, EXEC, v:1, k:ed@especiais, mode:FULL, size:140, fail:COMP
2026-05-23 16:02:43, MOVE, v:1, k:ed@especiais, mode:EDIT
2026-05-23 16:06:54, MOVE, v:1, k:ed@especiais, mode:EDIT
2026-05-23 16:10:58, MOVE, v:1, k:ed@especiais, mode:EDIT
2026-05-23 16:14:47, EXEC, v:1, k:ed@especiais, mode:FULL, rate:12, size:147
2026-05-23 16:15:12, MOVE, v:1, k:ed@especiais, mode:BACK
2026-05-23 16:15:22, MOVE, v:1, k:ed@especiais, mode:PICK
2026-05-23 16:15:25, EXEC, v:1, k:ed@especiais, mode:FULL, rate:12
2026-05-23 16:15:25, MOVE, v:1, k:ed@especiais, mode:EDIT
2026-05-23 16:19:53, MOVE, v:1, k:ed@especiais, mode:EDIT
2026-05-23 16:25:00, EXEC, v:1, k:ed@especiais, mode:FULL, rate:25, size:164
2026-05-23 16:24:35, MOVE, v:1, k:ed@especiais, mode:EDIT
2026-05-23 16:25:00, MOVE, v:1, k:ed@especiais, mode:EDIT
2026-05-23 16:25:49, MOVE, v:1, k:ed@especiais, mode:BACK
2026-05-23 16:25:54, MOVE, v:1, k:ed@especiais, mode:PICK
2026-05-23 16:25:54, EXEC, v:1, k:ed@especiais, mode:FULL, size:163, fail:COMP
2026-05-23 16:25:55, MOVE, v:1, k:ed@especiais, mode:BACK
2026-05-23 16:26:03, MOVE, v:1, k:ed@especiais, mode:PICK
2026-05-23 16:26:13, EXEC, v:1, k:ed@especiais, mode:FULL, fail:COMP
2026-05-23 16:30:46, MOVE, v:1, k:ed@especiais, mode:EDIT
2026-05-23 16:35:56, MOVE, v:1, k:ed@especiais, mode:EDIT
2026-05-23 16:36:03, EXEC, v:1, k:ed@especiais, mode:FULL, rate:37, size:176
2026-05-23 16:37:25, EXEC, v:1, k:ed@especiais, mode:FULL, size:175, fail:COMP
2026-05-23 16:37:27, MOVE, v:1, k:ed@especiais, mode:BACK
2026-05-23 16:37:43, MOVE, v:1, k:ed@especiais, mode:PICK
2026-05-23 16:37:44, EXEC, v:1, k:ed@especiais, mode:FULL, fail:COMP
2026-05-23 16:52:26, MOVE, v:1, k:ed@especiais, mode:EDIT
2026-05-23 16:56:31, EXEC, v:1, k:ed@especiais, mode:FULL, rate:50, size:188
2026-05-23 16:56:40, MOVE, v:1, k:ed@especiais, mode:BACK
2026-05-23 16:56:47, MOVE, v:1, k:ed@especiais, mode:PICK
2026-05-23 16:57:03, MOVE, v:1, k:ed@especiais, mode:EDIT
2026-05-23 17:06:34, MOVE, v:1, k:ed@especiais, mode:EDIT
2026-05-23 17:10:16, EXEC, v:1, k:ed@especiais, mode:FULL, rate:62, size:211
2026-05-23 17:11:44, MOVE, v:1, k:ed@especiais, mode:EDIT
2026-05-23 17:10:16, MOVE, v:1, k:ed@especiais, mode:EDIT
2026-05-23 17:14:10, EXEC, v:1, k:ed@especiais, mode:FULL, size:215, fail:COMP
2026-05-23 17:14:31, EXEC, v:1, k:ed@especiais, mode:FULL, rate:62, size:217
2026-05-23 17:16:45, MOVE, v:1, k:ed@especiais, mode:EDIT
2026-05-23 17:14:31, MOVE, v:1, k:ed@especiais, mode:EDIT
2026-05-23 17:20:57, EXEC, v:1, k:ed@especiais, mode:FULL, rate:62, size:227
2026-05-23 17:16:56, MOVE, v:1, k:ed@especiais, mode:EDIT
2026-05-23 17:20:56, MOVE, v:1, k:ed@especiais, mode:EDIT
2026-05-23 17:22:53, EXEC, v:1, k:ed@especiais, mode:FULL, rate:75, size:227
2026-05-23 17:26:21, EXEC, v:1, k:ed@especiais, mode:FULL, rate:87, size:236
2026-05-23 17:26:44, MOVE, v:1, k:ed@especiais, mode:EDIT
2026-05-23 17:26:21, MOVE, v:1, k:ed@especiais, mode:EDIT
2026-05-23 17:28:54, EXEC, v:1, k:ed@especiais, mode:FULL, rate:100, size:240
2026-05-23 17:28:57, MOVE, v:1, k:ed@especiais, mode:BACK
2026-05-23 17:29:17, MOVE, v:1, k:ed@especiais, mode:PICK
2026-05-23 17:29:17, EXEC, v:1, k:ed@especiais, mode:FULL, rate:100
2026-05-23 17:29:18, MOVE, v:1, k:ed@especiais, mode:BACK
2026-05-23 17:29:52, SELF, v:1, k:ed@especiais, self:1, rate:100, study:130, concept:1
