2026-04-14 11:00:57, MOVE, v:1, k:ed@baruel, mode:PICK
2026-04-14 11:04:35, MOVE, v:1, k:ed@baruel, mode:BACK
2026-04-14 11:04:39, MOVE, v:1, k:ed@casais, mode:PICK
2026-04-14 13:14:11, MOVE, v:1, k:eval1@triangulo, mode:DOWN
2026-04-14 13:14:14, MOVE, v:1, k:eval1@triangulo, mode:PICK
2026-04-14 13:15:34, MOVE, v:1, k:eval1@triangulo, mode:BACK
2026-04-14 13:15:39, MOVE, v:1, k:eval1@casais, mode:DOWN
2026-04-14 13:15:42, MOVE, v:1, k:eval1@casais, mode:PICK
2026-04-14 13:17:18, EXEC, v:1, k:eval1@casais, mode:FULL, size:5, fail:COMP
2026-04-14 13:17:27, EXEC, v:1, k:eval1@casais, mode:FULL, rate:0, size:5
2026-04-14 13:14:11, MOVE, v:1, k:eval1@triangulo, mode:EDIT
2026-04-14 13:14:11, MOVE, v:1, k:eval1@triangulo, mode:EDIT
2026-04-14 13:14:11, MOVE, v:1, k:eval1@triangulo, mode:EDIT
2026-04-14 13:15:39, MOVE, v:1, k:eval1@casais, mode:EDIT
2026-04-14 13:15:39, MOVE, v:1, k:eval1@casais, mode:EDIT
2026-04-14 13:18:08, MOVE, v:1, k:eval1@casais, mode:EDIT
2026-04-14 13:17:27, MOVE, v:1, k:eval1@casais, mode:EDIT
2026-04-14 13:18:14, EXEC, v:1, k:eval1@casais, mode:FULL, rate:0, size:6
2026-04-14 13:23:07, MOVE, v:1, k:eval1@casais, mode:EDIT
2026-04-14 13:18:14, MOVE, v:1, k:eval1@casais, mode:EDIT
2026-04-14 13:23:55, EXEC, v:1, k:eval1@casais, mode:FULL, rate:0, size:16
2026-04-14 13:26:53, MOVE, v:1, k:eval1@casais, mode:BACK
2026-04-14 13:27:03, MOVE, v:1, k:eval1@apagando, mode:DOWN
2026-04-14 13:27:04, MOVE, v:1, k:eval1@apagando, mode:PICK
2026-04-14 13:25:58, MOVE, v:1, k:eval1@casais, mode:EDIT
2026-04-14 13:23:55, MOVE, v:1, k:eval1@casais, mode:EDIT
2026-04-14 13:27:03, MOVE, v:1, k:eval1@apagando, mode:EDIT
2026-04-14 13:28:04, MOVE, v:1, k:eval1@apagando, mode:EDIT
2026-04-14 13:28:13, EXEC, v:1, k:eval1@apagando, mode:FULL, rate:0, size:6
2026-04-14 13:32:52, EXEC, v:1, k:eval1@apagando, mode:FULL, rate:0, size:16
2026-04-14 13:32:52, MOVE, v:1, k:eval1@apagando, mode:EDIT
2026-04-14 13:32:49, MOVE, v:1, k:eval1@apagando, mode:EDIT
2026-04-14 13:37:58, MOVE, v:1, k:eval1@apagando, mode:EDIT
2026-04-14 13:42:50, MOVE, v:1, k:eval1@apagando, mode:EDIT
2026-04-14 13:48:10, MOVE, v:1, k:eval1@apagando, mode:EDIT
2026-04-14 13:48:50, EXEC, v:1, k:eval1@apagando, mode:FULL, rate:0, size:30
2026-04-14 13:50:01, EXEC, v:1, k:eval1@apagando, mode:FULL, rate:0, size:31
2026-04-14 13:53:05, MOVE, v:1, k:eval1@apagando, mode:EDIT
2026-04-14 13:50:01, MOVE, v:1, k:eval1@apagando, mode:EDIT
2026-04-14 13:53:17, EXEC, v:1, k:eval1@apagando, mode:FULL, rate:0, size:34
2026-04-14 13:54:19, EXEC, v:1, k:eval1@apagando, mode:FULL, rate:0, size:36
2026-04-14 13:54:28, EXEC, v:1, k:eval1@apagando, mode:FULL, rate:0, size:35
2026-04-14 13:56:13, EXEC, v:1, k:eval1@apagando, mode:FULL, rate:0, size:34
2026-04-14 13:57:09, EXEC, v:1, k:eval1@apagando, mode:FULL, rate:0, size:34
2026-04-14 13:57:39, MOVE, v:1, k:eval1@apagando, mode:BACK
2026-04-14 13:57:57, MOVE, v:1, k:eval1@triangulo, mode:PICK
2026-04-14 13:57:09, MOVE, v:1, k:eval1@apagando, mode:EDIT
2026-04-14 13:57:08, MOVE, v:1, k:eval1@apagando, mode:EDIT
2026-04-14 14:00:38, MOVE, v:1, k:eval1@triangulo, mode:BACK
2026-04-14 14:00:42, MOVE, v:1, k:eval1@baruel, mode:DOWN
2026-04-14 14:00:42, MOVE, v:1, k:eval1@baruel, mode:PICK
2026-04-14 13:59:16, MOVE, v:1, k:eval1@triangulo, mode:EDIT
2026-04-14 14:00:42, MOVE, v:1, k:eval1@baruel, mode:EDIT
2026-04-14 14:00:42, MOVE, v:1, k:eval1@baruel, mode:EDIT
2026-04-14 14:03:10, MOVE, v:1, k:eval1@baruel, mode:EDIT
2026-04-14 14:03:45, EXEC, v:1, k:eval1@baruel, mode:FULL, rate:0, size:8
2026-04-14 14:08:09, MOVE, v:1, k:eval1@baruel, mode:EDIT
2026-04-14 14:03:45, MOVE, v:1, k:eval1@baruel, mode:EDIT
2026-04-14 14:13:10, MOVE, v:1, k:eval1@baruel, mode:EDIT
2026-04-14 14:13:19, EXEC, v:1, k:eval1@baruel, mode:FULL, size:18, fail:COMP
2026-04-14 14:13:32, EXEC, v:1, k:eval1@baruel, mode:FULL, rate:0, size:18
2026-04-14 14:18:11, MOVE, v:1, k:eval1@baruel, mode:EDIT
2026-04-14 14:13:32, MOVE, v:1, k:eval1@baruel, mode:EDIT
2026-04-14 14:19:23, EXEC, v:1, k:eval1@baruel, mode:FULL, size:31, fail:COMP
2026-04-14 14:19:30, EXEC, v:1, k:eval1@baruel, mode:FULL, rate:0, size:31
2026-04-14 14:22:01, MOVE, v:1, k:eval1@baruel, mode:EDIT
2026-04-14 14:19:30, MOVE, v:1, k:eval1@baruel, mode:EDIT
2026-04-14 14:25:09, MOVE, v:1, k:eval1@baruel, mode:BACK
2026-04-14 14:25:20, MOVE, v:1, k:eval1@triangulo, mode:PICK
2026-04-14 14:26:17, EXEC, v:1, k:eval1@triangulo, mode:FULL, rate:0, size:48
2026-04-14 14:26:17, MOVE, v:1, k:eval1@triangulo, mode:EDIT
2026-04-14 14:28:10, MOVE, v:1, k:eval1@triangulo, mode:EDIT
2026-04-14 14:31:40, EXEC, v:1, k:eval1@triangulo, mode:FULL, rate:0, size:53
2026-04-14 14:31:52, EXEC, v:1, k:eval1@triangulo, mode:FULL, rate:0, size:53
2026-04-14 14:32:22, EXEC, v:1, k:eval1@triangulo, mode:FULL, rate:0, size:55
2026-04-14 14:32:37, EXEC, v:1, k:eval1@triangulo, mode:FULL, rate:0, size:55
2026-04-14 14:32:43, EXEC, v:1, k:eval1@triangulo, mode:FULL, rate:0, size:55
2026-04-14 14:33:09, MOVE, v:1, k:eval1@triangulo, mode:EDIT
2026-04-14 14:32:43, MOVE, v:1, k:eval1@triangulo, mode:EDIT
2026-04-14 14:33:21, EXEC, v:1, k:eval1@triangulo, mode:FULL, rate:0, size:55
2026-04-14 14:33:43, EXEC, v:1, k:eval1@triangulo, mode:FULL, rate:0, size:55
2026-04-14 14:34:05, EXEC, v:1, k:eval1@triangulo, mode:FULL, rate:0, size:55
2026-04-14 14:34:06, EXEC, v:1, k:eval1@triangulo, mode:FULL, rate:0
2026-04-14 14:34:06, EXEC, v:1, k:eval1@triangulo, mode:FULL, rate:0
2026-04-14 14:34:06, EXEC, v:1, k:eval1@triangulo, mode:FULL, rate:0
2026-04-14 14:34:07, EXEC, v:1, k:eval1@triangulo, mode:FULL, rate:0
2026-04-14 14:34:07, EXEC, v:1, k:eval1@triangulo, mode:FULL, rate:0
2026-04-14 14:34:07, EXEC, v:1, k:eval1@triangulo, mode:FULL, rate:0
2026-04-14 14:34:07, EXEC, v:1, k:eval1@triangulo, mode:FULL, rate:0
2026-04-14 14:34:08, EXEC, v:1, k:eval1@triangulo, mode:FULL, rate:0
2026-04-14 14:34:08, EXEC, v:1, k:eval1@triangulo, mode:FULL, rate:0
2026-04-14 14:35:10, MOVE, v:1, k:eval1@triangulo, mode:BACK
2026-04-14 14:35:20, MOVE, v:1, k:eval1@apagando, mode:PICK
2026-04-14 14:35:34, EXEC, v:1, k:eval1@apagando, mode:FULL, rate:0
2026-04-14 14:36:21, EXEC, v:1, k:eval1@apagando, mode:FULL, rate:0, size:34
2026-04-14 14:34:29, MOVE, v:1, k:eval1@triangulo, mode:EDIT
2026-04-14 14:34:08, MOVE, v:1, k:eval1@triangulo, mode:EDIT
2026-04-14 14:36:21, MOVE, v:1, k:eval1@apagando, mode:EDIT
2026-04-14 14:36:20, MOVE, v:1, k:eval1@apagando, mode:EDIT
2026-04-14 14:39:36, EXEC, v:1, k:eval1@apagando, mode:FULL, rate:0
2026-04-14 14:40:07, EXEC, v:1, k:eval1@apagando, mode:FULL, rate:0, size:34
2026-04-14 14:42:05, EXEC, v:1, k:eval1@apagando, mode:FULL, size:35, fail:COMP
2026-04-14 14:42:12, EXEC, v:1, k:eval1@apagando, mode:FULL, rate:0, size:35
2026-04-14 14:42:11, MOVE, v:1, k:eval1@apagando, mode:EDIT
2026-04-14 14:42:42, MOVE, v:1, k:eval1@apagando, mode:EDIT
2026-04-14 14:43:26, EXEC, v:1, k:eval1@apagando, mode:FULL, rate:0, size:36
2026-04-14 14:43:44, EXEC, v:1, k:eval1@apagando, mode:FULL, size:34, fail:COMP
2026-04-14 14:43:53, EXEC, v:1, k:eval1@apagando, mode:FULL, rate:0, size:34
2026-04-14 14:44:24, EXEC, v:1, k:eval1@apagando, mode:FULL, rate:0, size:34
2026-04-14 14:44:42, EXEC, v:1, k:eval1@apagando, mode:FULL, rate:0, size:34
2026-04-14 14:47:59, MOVE, v:1, k:eval1@apagando, mode:EDIT
2026-04-14 14:44:42, MOVE, v:1, k:eval1@apagando, mode:EDIT
2026-04-14 14:49:05, EXEC, v:1, k:eval1@apagando, mode:FULL, rate:0, size:28
2026-04-14 14:53:00, MOVE, v:1, k:eval1@apagando, mode:EDIT
2026-04-14 14:49:05, MOVE, v:1, k:eval1@apagando, mode:EDIT
2026-04-14 14:55:39, EXEC, v:1, k:eval1@apagando, mode:FULL, rate:0, size:38
