2026-04-07 13:17:33, MOVE, v:1, k:ed@resto, mode:PICK
2026-04-07 13:19:45, MOVE, v:1, k:ed@resto, mode:BACK
2026-04-07 13:33:50, MOVE, v:1, k:ed@fractais_png, mode:DOWN
2026-04-07 13:33:51, MOVE, v:1, k:ed@fractais_png, mode:PICK
2026-04-07 13:33:53, EXEC, v:1, k:ed@fractais_png, mode:FULL, size:136, fail:COMP
2026-04-07 13:34:04, MOVE, v:1, k:ed@fractais_png, mode:BACK
2026-04-07 13:34:06, MOVE, v:1, k:ed@fractais_png, mode:PICK
2026-04-07 13:35:03, MOVE, v:1, k:ed@fractais_png, mode:BACK
2026-04-07 13:41:12, EXEC, v:1, k:src@go, mode:FREE, size:136
2026-04-07 13:42:13, MOVE, v:1, k:ed@fractais_png, mode:PICK
2026-04-07 13:42:15, EXEC, v:1, k:ed@fractais_png, mode:LOCK, rate:0
2026-04-07 13:42:34, MOVE, v:1, k:ed@fractais_png, mode:BACK
2026-04-07 23:04:28, MOVE, v:1, k:ed@triangulo, mode:PICK
2026-04-07 23:18:06, EXEC, v:1, k:ed@triangulo, mode:FULL, rate:0, size:50
2026-04-07 23:18:25, MOVE, v:1, k:ed@triangulo, mode:EDIT
2026-04-07 23:18:06, MOVE, v:1, k:ed@triangulo, mode:EDIT
2026-04-07 23:21:06, MOVE, v:1, k:ed@triangulo, mode:EDIT
2026-04-07 23:27:48, EXEC, v:1, k:ed@triangulo, mode:FULL, rate:0, size:56
2026-04-07 23:28:50, EXEC, v:1, k:ed@triangulo, mode:FULL, rate:0, size:56
2026-04-07 23:29:03, MOVE, v:1, k:ed@triangulo, mode:EDIT
2026-04-07 23:28:50, MOVE, v:1, k:ed@triangulo, mode:EDIT
2026-04-07 23:29:21, EXEC, v:1, k:ed@triangulo, mode:FULL, rate:0, size:56
2026-04-07 23:30:09, EXEC, v:1, k:ed@triangulo, mode:FULL, rate:0, size:57
2026-04-07 23:34:09, MOVE, v:1, k:ed@triangulo, mode:EDIT
2026-04-07 23:30:09, MOVE, v:1, k:ed@triangulo, mode:EDIT
2026-04-07 23:35:19, EXEC, v:1, k:ed@triangulo, mode:FULL, rate:0, size:61
2026-04-07 23:35:53, EXEC, v:1, k:ed@triangulo, mode:FULL, rate:0, size:61
2026-04-07 23:36:21, EXEC, v:1, k:ed@triangulo, mode:FULL, rate:100, size:61
2026-04-07 23:37:12, MOVE, v:1, k:ed@triangulo, mode:BACK
2026-04-07 23:37:23, MOVE, v:1, k:ed@triangulo, mode:PICK
2026-04-07 23:37:24, EXEC, v:1, k:ed@triangulo, mode:FULL, rate:100
2026-04-07 23:37:27, MOVE, v:1, k:ed@triangulo, mode:BACK
2026-04-07 23:36:12, MOVE, v:1, k:ed@triangulo, mode:EDIT
2026-04-07 23:37:24, MOVE, v:1, k:ed@triangulo, mode:EDIT
2026-04-07 23:40:54, SELF, v:1, k:ed@triangulo, self:1, rate:100, study:30, concept:1, problem:1
2026-04-07 23:42:12, MOVE, v:1, k:ed@mdc, mode:DOWN
2026-04-07 23:42:13, MOVE, v:1, k:ed@mdc, mode:PICK
