2026-03-18 20:18:55, MOVE, v:1, k:ed@fuga, mode:PICK
2026-03-18 20:18:56, EXEC, v:1, k:ed@fuga, mode:FREE, size:5
2026-03-18 20:19:24, EXEC, v:1, k:ed@fuga, mode:FREE
2026-03-18 20:19:47, MOVE, v:1, k:ed@fuga, mode:BACK
2026-03-18 20:19:50, MOVE, v:1, k:ed@fuga, mode:PICK
2026-03-18 21:02:10, EXEC, v:1, k:ed@fuga, mode:FULL, rate:40, size:41
2026-03-18 21:02:32, MOVE, v:1, k:ed@fuga, mode:BACK
2026-03-18 21:02:47, MOVE, v:1, k:ed@fuga, mode:PICK
2026-03-18 21:02:49, EXEC, v:1, k:ed@fuga, mode:FREE
2026-03-18 21:11:07, MOVE, v:1, k:ed@fuga, mode:PICK
2026-03-18 21:11:09, EXEC, v:1, k:ed@fuga, mode:FREE
2026-03-18 21:12:15, EXEC, v:1, k:ed@fuga, mode:FULL, rate:40
2026-03-18 21:14:07, EXEC, v:1, k:ed@fuga, mode:FULL, rate:40
2026-03-18 21:16:35, MOVE, v:1, k:ed@fuga, mode:BACK
2026-03-18 21:16:39, MOVE, v:1, k:ed@pedra, mode:PICK
2026-03-18 21:16:52, EXEC, v:1, k:ed@pedra, mode:FULL, rate:0, size:5
2026-03-18 21:17:17, MOVE, v:1, k:ed@pedra, mode:BACK
2026-03-18 21:17:21, MOVE, v:1, k:ed@fuga, mode:PICK
2026-03-18 21:17:31, EXEC, v:1, k:ed@fuga, mode:FULL, rate:40
2026-03-18 21:20:04, EXEC, v:1, k:ed@fuga, mode:FULL, rate:100, size:41
2026-03-18 21:28:19, MOVE, v:1, k:ed@fuga, mode:BACK
2026-03-18 21:29:28, SELF, v:1, k:ed@fuga, self:1, rate:100, study:60, friend:Kayky Martins
